design                                     n  kappa(med)  CRLB M_O/A_Omax/A_Pmax/M_R/eta (med %)   expo   ratio A_Omax, M_R vs A+B (p)
manuscrit A+B                              15    2.1e+05   0.41/ 3.44/ 0.05/ 3.13/ 0.20   -0.84
105 + 140 + interm                         15    1.5e+05   0.36/ 3.00/ 0.04/ 2.46/ 0.14   -0.73   0.86 (p=0.030), 0.74 (p=0.000)
105 + interm120/60                         15   1.17e+05   0.38/ 2.78/ 0.05/ 2.13/ 0.19   -0.74   0.81 (p=0.008), 0.75 (p=0.000)
110% 90 s + repos 3 min + 110%             15   2.11e+05   0.26/ 4.10/ 0.04/ 4.29/ 0.09   -1.05   1.18 (p=0.003), 1.35 (p=0.002)
110% 90 s + repos 5 min (recuperation)     15   6.02e+05   0.90/ 8.05/ 0.03/11.70/ 0.29   -3.48   1.96 (p=0.000), 3.75 (p=0.000)
140 + interm120/60                         15   3.73e+05   0.54/ 5.25/ 0.04/ 3.87/ 0.17   -0.70   1.52 (p=0.000), 1.27 (p=0.015)
80% 6 min (sous-critique seul)             15   9.41e+05   1.24/ 8.99/ 0.09/ 6.61/ 0.60   -0.70   3.07 (p=0.000), 2.54 (p=0.000)
80% 6 min + 110%                           15   6.01e+05   0.70/ 8.27/ 0.07/ 5.97/ 0.37   -0.76   2.06 (p=0.000), 2.11 (p=0.000)
A + B + 80% 6 min                          15   9.28e+04   0.33/ 2.64/ 0.05/ 2.38/ 0.18   -0.85   0.81 (p=0.001), 0.86 (p=0.007)
A + B + repos 3 min                        15   1.78e+05   0.26/ 2.95/ 0.04/ 2.99/ 0.10   -0.90   0.93 (p=0.002), 0.99 (p=0.121)
const 105%                                 15    1.2e+06   1.04/ 7.83/ 0.08/ 6.55/ 0.46   -0.85   2.39 (p=0.000), 2.53 (p=0.000)
const 105+140                              15   5.48e+05   0.59/ 5.98/ 0.04/ 5.59/ 0.20   -0.89   1.76 (p=0.000), 1.81 (p=0.000)
const 110%                                 15   2.53e+06   1.12/10.79/ 0.07/12.86/ 0.44   -1.02   3.36 (p=0.000), 4.18 (p=0.000)
const 110+140                              15   8.64e+05   0.62/ 7.18/ 0.04/ 7.66/ 0.21   -1.05   2.01 (p=0.000), 2.52 (p=0.000)
const 120%                                 15   8.82e+06   1.30/18.88/ 0.07/29.29/ 0.43   -1.33   5.36 (p=0.000), 8.53 (p=0.000)
const 140%                                 15   5.07e+07   1.62/38.06/ 0.05/62.66/ 0.40   -1.92   10.25 (p=0.000), 22.69 (p=0.000)
interm 120/60 120s                         15   1.02e+06   0.83/ 9.49/ 0.05/ 6.30/ 0.28   -0.76   2.55 (p=0.000), 2.44 (p=0.010)
interm 120/60 30s                          15   6.54e+05   0.84/ 7.18/ 0.11/ 4.36/ 0.35   -0.61   2.22 (p=0.000), 1.66 (p=0.005)
interm 120/60 60s                          15   3.48e+05   0.55/ 5.25/ 0.06/ 3.81/ 0.21   -0.69   1.64 (p=0.000), 1.40 (p=0.000)
interm 140/50 30s                          15   4.93e+05   0.51/ 5.67/ 0.06/ 5.31/ 0.21   -0.81   1.81 (p=0.000), 1.96 (p=0.000)
interm 140/80 60s                          15   6.75e+06   1.66/23.68/ 0.06/21.08/ 0.45   -1.13   6.63 (p=0.000), 8.28 (p=0.000)
interm 160/40 15s                          15   9.73e+05   0.64/ 7.33/ 0.06/ 7.35/ 0.27   -0.91   2.14 (p=0.000), 2.48 (p=0.000)
manuscrit A seul                           15   2.53e+06   1.12/10.79/ 0.07/12.86/ 0.44   -1.02   3.36 (p=0.000), 4.18 (p=0.000)
sprints 150% 30 s, repos 30/60/120/240 s   15   1.75e+05   0.42/ 5.64/ 0.04/ 3.83/ 0.09   -0.63   1.51 (p=0.002), 1.19 (p=0.030)
