design                                     kappa/AB        lam_min/AB      vol/dir        M_O            A_Omax         A_Pmax         M_R            eta        expo
A + B + 80% 6 min                          0.65 (p<0.001)  1.45 (p=0.001)  1.13 (p=0.002) 0.76 (p<0.001)  0.81 (p<0.001)  0.95 (p=0.005)  0.86 (p=0.007)  0.94 (p<0.001)   -0.85
105 + interm120/60                         0.62 (p<0.001)  1.61 (p<0.001)  1.19 (p=0.010) 0.88 (p=0.026)  0.81 (p=0.005)  1.04 (p=0.005)  0.75 (p<0.001)  0.90 (p=0.035)   -0.74
105 + 140 + interm                         0.69 (p<0.001)  1.51 (p=0.002)  1.46 (p=0.008) 0.88 (p=0.015)  0.86 (p=0.030)  0.75 (p<0.001)  0.74 (p<0.001)  0.73 (p<0.001)   -0.73
sprints 150% 30 s, repos 30/60/120/240 s   0.83 (p=0.303)  0.63 (p=0.018)  0.64 (p<0.001) 0.93 (p=0.008)  1.51 (p=0.003)  0.68 (p<0.001)  1.19 (p=0.041)  0.46 (p<0.001)   -0.63
A + B + repos 3 min                        0.79 (p<0.001)  1.11 (p=0.003)  1.32 (p<0.001) 0.61 (p<0.001)  0.93 (p=0.002)  0.70 (p<0.001)  0.99 (p=0.121)  0.50 (p<0.001)   -0.90
110% 90 s + repos 3 min + 110%             1.02 (p=0.679)  0.67 (p=0.005)  1.00 (p=0.978) 0.62 (p<0.001)  1.18 (p=0.004)  0.69 (p<0.001)  1.35 (p=0.005)  0.39 (p<0.001)   -1.05
interm 120/60 60s                          2.19 (p=0.008)  0.42 (p<0.001)  0.87 (p=0.005) 1.39 (p<0.001)  1.64 (p<0.001)  1.17 (p<0.001)  1.40 (p<0.001)  1.01 (p=0.847)   -0.69
140 + interm120/60                         1.92 (p=0.026)  0.48 (p=0.003)  1.27 (p=0.008) 1.19 (p<0.001)  1.52 (p<0.001)  0.74 (p<0.001)  1.27 (p=0.026)  0.79 (p=0.022)   -0.70
interm 140/50 30s                          2.95 (p=0.008)  0.27 (p<0.001)  0.77 (p<0.001) 1.20 (p<0.001)  1.81 (p<0.001)  1.10 (p<0.001)  1.96 (p<0.001)  1.01 (p=0.934)   -0.81
const 105+140                              2.93 (p=0.010)  0.31 (p<0.001)  0.99 (p=1.000) 1.39 (p<0.001)  1.76 (p<0.001)  0.78 (p<0.001)  1.81 (p<0.001)  0.97 (p=0.679)   -0.89
80% 6 min + 110%                           3.23 (p=0.010)  0.24 (p<0.001)  0.60 (p<0.001) 1.71 (p<0.001)  2.06 (p<0.001)  1.29 (p<0.001)  2.11 (p=0.001)  1.60 (p<0.001)   -0.76
110% 90 s + repos 5 min (recuperation)     2.86 (p=0.010)  0.15 (p<0.001)  0.31 (p<0.001) 2.16 (p<0.001)  1.96 (p<0.001)  0.54 (p<0.001)  3.75 (p<0.001)  1.43 (p<0.001)   -3.48
interm 120/60 30s                          4.86 (p=0.012)  0.24 (p<0.001)  0.44 (p<0.001) 2.10 (p<0.001)  2.22 (p<0.001)  2.13 (p<0.001)  1.66 (p=0.010)  1.68 (p<0.001)   -0.61
const 110+140                              5.12 (p=0.010)  0.21 (p<0.001)  0.70 (p<0.001) 1.47 (p<0.001)  2.01 (p<0.001)  0.78 (p<0.001)  2.52 (p<0.001)  1.01 (p=0.561)   -1.05
80% 6 min (sous-critique seul)             6.19 (p=0.010)  0.11 (p<0.001)  0.43 (p<0.001) 3.26 (p<0.001)  3.07 (p<0.001)  1.73 (p<0.001)  2.54 (p<0.001)  3.36 (p<0.001)   -0.70
interm 160/40 15s                          4.80 (p=0.008)  0.18 (p<0.001)  0.57 (p<0.001) 1.54 (p<0.001)  2.14 (p<0.001)  1.15 (p<0.001)  2.48 (p<0.001)  1.30 (p<0.001)   -0.91
interm 120/60 120s                         3.51 (p=0.048)  0.16 (p=0.002)  0.66 (p=0.010) 1.94 (p<0.001)  2.55 (p<0.001)  1.00 (p=0.359)  2.44 (p=0.012)  1.37 (p=0.008)   -0.76
const 105%                                 6.23 (p=0.008)  0.16 (p<0.001)  0.58 (p<0.001) 2.62 (p<0.001)  2.39 (p<0.001)  1.56 (p<0.001)  2.53 (p<0.001)  2.46 (p<0.001)   -0.85
const 110%                                 13.67 (p=0.008) 0.07 (p<0.001)  0.45 (p<0.001) 2.81 (p<0.001)  3.36 (p<0.001)  1.41 (p<0.001)  4.18 (p<0.001)  2.33 (p<0.001)   -1.02
manuscrit A seul                           13.67 (p=0.008) 0.07 (p<0.001)  0.45 (p<0.001) 2.81 (p<0.001)  3.36 (p<0.001)  1.41 (p<0.001)  4.18 (p<0.001)  2.33 (p<0.001)   -1.02
interm 140/80 60s                          51.78 (p=0.001) 0.02 (p<0.001)  0.40 (p<0.001) 3.97 (p<0.001)  6.63 (p<0.001)  1.29 (p=0.007)  8.28 (p<0.001)  2.38 (p<0.001)   -1.13
const 120%                                 43.34 (p=0.008) 0.02 (p<0.001)  0.29 (p<0.001) 3.28 (p<0.001)  5.36 (p<0.001)  1.22 (p<0.001)  8.53 (p<0.001)  2.22 (p<0.001)   -1.33
const 140%                                 264.48 (p<0.001) 0.00 (p<0.001)  0.17 (p<0.001) 4.01 (p<0.001)  10.25 (p<0.001)  1.03 (p=0.064)  22.69 (p<0.001)  2.10 (p<0.001)   -1.92
