phi 0.80 i= 0 phi_hat [0.795 0.808]  CP OLS 0.29% FGLS 0.26%  (2 s)
phi 0.80 i= 1 phi_hat [0.731 0.737]  CP OLS 0.02% FGLS 0.02%  (8 s)
phi 0.80 i= 2 phi_hat [0.676 0.682]  CP OLS 0.04% FGLS 0.04%  (11 s)
phi 0.80 i= 3 phi_hat [0.873 0.887]  CP OLS 1.94% FGLS 6.24%  (13 s)
phi 0.80 i= 4 phi_hat [0.69  0.707]  CP OLS 0.19% FGLS 0.17%  (21 s)
phi 0.80 i= 5 phi_hat [0.731 0.74 ]  CP OLS 0.52% FGLS 0.55%  (24 s)
phi 0.80 i= 6 phi_hat [0.744 0.746]  CP OLS 0.07% FGLS 0.09%  (27 s)
phi 0.80 i= 7 phi_hat [0.817 0.823]  CP OLS 0.04% FGLS 0.22%  (30 s)
phi 0.80 i= 8 phi_hat [0.843 0.863]  CP OLS 0.41% FGLS 0.18%  (34 s)
phi 0.80 i= 9 phi_hat [0.732 0.733]  CP OLS 0.25% FGLS 0.19%  (36 s)
phi 0.80 i=10 phi_hat [0.686 0.688]  CP OLS 0.86% FGLS 0.76%  (38 s)
phi 0.80 i=11 phi_hat [0.799 0.788]  CP OLS 0.02% FGLS 0.01%  (43 s)
phi 0.80 i=12 phi_hat [0.651 0.652]  CP OLS 0.11% FGLS 0.13%  (45 s)
phi 0.80 i=13 phi_hat [0.79  0.795]  CP OLS 1.35% FGLS 1.16%  (48 s)
phi 0.80 i=14 phi_hat [0.687 0.725]  CP OLS 0.09% FGLS 0.14%  (51 s)
phi 0.80 i=15 phi_hat [0.618 0.618]  CP OLS 0.12% FGLS 0.12%  (52 s)
phi 0.80 i=16 phi_hat [0.664 0.672]  CP OLS 0.37% FGLS 0.28%  (55 s)
phi 0.80 i=17 phi_hat [0.783 0.787]  CP OLS 0.08% FGLS 0.09%  (59 s)
phi 0.80 i=18 phi_hat [0.723 0.747]  CP OLS 0.19% FGLS 0.19%  (63 s)
phi 0.80 i=19 phi_hat [0.762 0.764]  CP OLS 0.55% FGLS 0.63%  (64 s)
TERMINE fgls phi 0.8 shard 0
