i= 0 cond=5.11e+05 expo=-0.84 crlb=[0.49, 6.96, 0.05, 5.89, 0.21] (0 s)
i= 1 cond=5.34e+04 expo=-0.70 crlb=[0.48, 2.25, 0.06, 1.61, 0.25] (1 s)
i= 2 cond=1.03e+05 expo=-0.74 crlb=[0.4, 2.65, 0.05, 2.0, 0.19] (2 s)
i= 3 cond=1.06e+06 expo=-1.36 crlb=[0.39, 7.84, 0.05, 10.51, 0.18] (3 s)
i= 4 cond=7.41e+05 expo=-0.85 crlb=[0.68, 8.67, 0.07, 7.35, 0.3] (4 s)
i= 5 cond=1.34e+05 expo=-0.80 crlb=[0.44, 3.29, 0.05, 2.65, 0.21] (5 s)
i= 6 cond=2.09e+05 expo=-0.74 crlb=[0.63, 5.05, 0.06, 3.8, 0.27] (6 s)
i= 7 cond=1.09e+05 expo=-0.97 crlb=[0.34, 2.68, 0.05, 2.61, 0.18] (7 s)
i= 8 cond=2.92e+05 expo=-0.85 crlb=[0.41, 4.52, 0.05, 3.89, 0.2] (8 s)
i= 9 cond=1.18e+05 expo=-0.99 crlb=[0.34, 2.57, 0.04, 2.54, 0.17] (9 s)
i=10 cond=2.34e+05 expo=-0.90 crlb=[0.34, 3.5, 0.04, 3.17, 0.15] (10 s)
i=11 cond=1.8e+09 expo=-0.97 crlb=[0.17, 2.11, 0.05, 2.05, 0.14] (11 s)
i=12 cond=3.07e+05 expo=-0.79 crlb=[0.61, 6.8, 0.06, 5.46, 0.25] (12 s)
i=13 cond=1.42e+05 expo=-1.06 crlb=[0.41, 3.46, 0.06, 3.67, 0.22] (12 s)
i=14 cond=9.4e+04 expo=-0.80 crlb=[0.48, 3.16, 0.06, 2.57, 0.24] (13 s)
i=15 cond=4.51e+05 expo=-0.99 crlb=[0.36, 5.1, 0.04, 5.08, 0.17] (14 s)
i=16 cond=4.47e+05 expo=-0.78 crlb=[0.39, 5.26, 0.04, 4.17, 0.16] (14 s)
i=17 cond=2.14e+05 expo=-0.68 crlb=[0.49, 3.9, 0.05, 2.72, 0.21] (16 s)
i=18 cond=2.94e+05 expo=-0.71 crlb=[0.41, 4.24, 0.04, 3.09, 0.18] (16 s)
i=19 cond=1.53e+05 expo=-0.79 crlb=[0.56, 4.65, 0.06, 3.71, 0.21] (17 s)
i=20 cond=1.5e+05 expo=-1.01 crlb=[0.42, 3.53, 0.06, 3.58, 0.22] (17 s)
i=21 cond=1.96e+05 expo=-0.70 crlb=[0.53, 4.49, 0.06, 3.22, 0.24] (18 s)
i=22 cond=3.89e+05 expo=-0.84 crlb=[0.47, 5.38, 0.05, 4.52, 0.19] (19 s)
i=23 cond=6.5e+04 expo=-0.70 crlb=[0.49, 2.51, 0.06, 1.8, 0.25] (20 s)
i=24 cond=3.52e+05 expo=-1.10 crlb=[0.39, 5.03, 0.05, 5.52, 0.19] (20 s)
i=25 cond=1.68e+05 expo=-0.70 crlb=[0.46, 3.38, 0.05, 2.43, 0.21] (22 s)
i=26 cond=9.18e+04 expo=-0.61 crlb=[0.48, 2.53, 0.05, 1.58, 0.23] (23 s)
i=27 cond=2.05e+05 expo=-1.23 crlb=[0.32, 3.38, 0.05, 4.14, 0.17] (24 s)
i=28 cond=1.62e+05 expo=-0.90 crlb=[0.36, 3.21, 0.04, 2.92, 0.17] (25 s)
i=29 cond=1.02e+05 expo=-0.71 crlb=[0.52, 3.28, 0.06, 2.38, 0.26] (26 s)
i=30 cond=2.03e+05 expo=-0.62 crlb=[0.51, 3.93, 0.05, 2.5, 0.23] (28 s)
i=31 cond=8.92e+05 expo=-0.83 crlb=[0.5, 7.03, 0.05, 5.88, 0.21] (30 s)
i=32 cond=3.45e+05 expo=-0.94 crlb=[0.52, 6.55, 0.06, 6.16, 0.24] (30 s)
i=33 cond=1.2e+05 expo=-0.83 crlb=[0.46, 3.37, 0.06, 2.82, 0.22] (31 s)
i=34 cond=1.03e+05 expo=-0.76 crlb=[0.43, 2.78, 0.05, 2.14, 0.2] (32 s)
i=35 cond=1.78e+05 expo=-0.62 crlb=[0.52, 3.9, 0.05, 2.49, 0.24] (34 s)
i=36 cond=4.49e+05 expo=-0.79 crlb=[0.53, 6.22, 0.05, 4.95, 0.21] (34 s)
i=37 cond=2.66e+05 expo=-0.76 crlb=[0.51, 4.3, 0.05, 3.32, 0.22] (36 s)
i=38 cond=1.61e+05 expo=-0.74 crlb=[0.49, 3.89, 0.05, 2.95, 0.23] (36 s)
i=39 cond=3.69e+05 expo=-0.95 crlb=[0.39, 4.88, 0.05, 4.66, 0.19] (37 s)
i=40 cond=4.57e+05 expo=-0.82 crlb=[0.46, 5.15, 0.05, 4.26, 0.19] (37 s)
i=41 cond=4.04e+05 expo=-0.88 crlb=[0.36, 4.7, 0.04, 4.14, 0.16] (38 s)
i=42 cond=4.09e+05 expo=-1.03 crlb=[0.56, 7.6, 0.07, 7.83, 0.24] (38 s)
i=43 cond=8.17e+04 expo=-1.02 crlb=[0.35, 2.37, 0.05, 2.41, 0.19] (39 s)
i=44 cond=8.56e+05 expo=-0.80 crlb=[0.67, 9.41, 0.06, 7.62, 0.28] (40 s)
i=45 cond=2.96e+05 expo=-0.83 crlb=[0.47, 5.64, 0.05, 4.74, 0.21] (41 s)
i=46 cond=1.47e+06 expo=-0.82 crlb=[0.59, 11.04, 0.05, 9.12, 0.23] (42 s)
i=47 cond=2.41e+05 expo=-0.91 crlb=[0.34, 3.51, 0.04, 3.2, 0.16] (43 s)
i=48 cond=2.81e+05 expo=-0.68 crlb=[0.6, 5.24, 0.06, 3.64, 0.25] (44 s)
i=49 cond=2.86e+05 expo=-0.76 crlb=[0.48, 5.26, 0.05, 4.08, 0.21] (44 s)

spectre median : [1.0, 0.15495837, 0.00266454, 0.00015371, 4.21e-06]
cond median 2.38e+05 IQR [1.44e+05, 4.01e+05]
vmin median : [0.06, -1.0, -0.0, 0.82, -0.01]
expo median -0.82 IQR [-0.93, -0.74]
CRLB mediane : [0.47, 4.27, 0.05, 3.61, 0.21]
CRLB CP 0.08  W' 0.18 ; proj CP 0.006  W' 0.006
deplacement max (% A_Pmax) : sym 32.6  prod 2.7  fit 0.4
TERMINE fim_v3
