--- athlete 0
protocole A : T_lim 158.8 s, sigma_AP 102.4 J, phi1 moyen 892 W, recharge moyenne 648 W
protocole B : T_lim 209.6 s, sigma_AP 102.7 J, phi1 moyen 887 W, recharge moyenne 709 W
A_P        rang 5  spectre 1.0e+00 1.6e-01 2.5e-03 7.6e-05 2.0e-06  lam_min/lam_max 1.96e-06  proj CP 0.007  W' 0.002  v_min [-0.04, 1.0, 0.0, -0.84, 0.0]
VO2 phi1   rang 4  spectre 1.0e+00 3.8e-02 1.4e-04 5.8e-06 4.0e-18  lam_min/lam_max 3.98e-18  proj CP 0.460  W' 0.500  v_min [1.0, -0.0, 1.0, 0.0, 0.0]
VO2 repl   rang 4  spectre 1.0e+00 3.1e-02 8.4e-05 1.4e-05 1.3e-17  lam_min/lam_max 1.26e-17  proj CP 0.460  W' 0.500  v_min [1.0, 0.0, 1.0, 0.0, 0.0]
--- athlete 1
protocole A : T_lim 242.2 s, sigma_AP 97.5 J, phi1 moyen 726 W, recharge moyenne 467 W
protocole B : T_lim 508.7 s, sigma_AP 104.9 J, phi1 moyen 756 W, recharge moyenne 629 W
A_P        rang 5  spectre 1.0e+00 1.4e-01 2.6e-03 4.3e-04 1.9e-05  lam_min/lam_max 1.87e-05  proj CP 0.005  W' 0.019  v_min [-0.13, 1.0, 0.0, -0.7, 0.03]
VO2 phi1   rang 4  spectre 1.0e+00 5.1e-02 7.5e-04 3.6e-05 1.4e-15  lam_min/lam_max 1.45e-15  proj CP 0.423  W' 0.500  v_min [1.0, -0.0, 1.0, 0.0, -0.0]
VO2 repl   rang 4  spectre 1.0e+00 5.1e-02 3.3e-04 7.4e-06 2.8e-16  lam_min/lam_max 2.80e-16  proj CP 0.423  W' 0.500  v_min [1.0, -0.0, 1.0, -0.0, -0.0]
--- athlete 2
protocole A : T_lim 186.9 s, sigma_AP 94.1 J, phi1 moyen 974 W, recharge moyenne 662 W
protocole B : T_lim 327.1 s, sigma_AP 100.5 J, phi1 moyen 1007 W, recharge moyenne 827 W
A_P        rang 5  spectre 1.0e+00 1.5e-01 2.5e-03 2.8e-04 9.8e-06  lam_min/lam_max 9.76e-06  proj CP 0.006  W' 0.010  v_min [-0.09, 1.0, 0.0, -0.74, 0.01]
VO2 phi1   rang 4  spectre 1.0e+00 4.8e-02 5.2e-04 2.2e-05 1.5e-16  lam_min/lam_max 1.52e-16  proj CP 0.435  W' 0.500  v_min [1.0, -0.0, 1.0, 0.0, -0.0]
VO2 repl   rang 4  spectre 1.0e+00 4.3e-02 1.6e-04 1.8e-06 0.0e+00  lam_min/lam_max 0.00e+00  proj CP 0.435  W' 0.500  v_min [1.0, -0.0, 1.0, 0.0, -0.0]
--- athlete 3
protocole A : T_lim 124.6 s, sigma_AP 78.3 J, phi1 moyen 1051 W, recharge moyenne 522 W
protocole B : T_lim 146.3 s, sigma_AP 83.9 J, phi1 moyen 1012 W, recharge moyenne 569 W
A_P        rang 5  spectre 1.0e+00 1.6e-01 3.0e-03 5.6e-05 9.4e-07  lam_min/lam_max 9.43e-07  proj CP 0.029  W' 0.003  v_min [0.02, -0.74, -0.0, 1.0, -0.0]
VO2 phi1   rang 4  spectre 1.0e+00 4.4e-02 3.5e-05 7.3e-06 6.4e-18  lam_min/lam_max 6.44e-18  proj CP 0.463  W' 0.500  v_min [1.0, -0.0, 1.0, 0.0, 0.0]
VO2 repl   rang 4  spectre 1.0e+00 1.6e-02 6.0e-05 3.4e-06 3.0e-17  lam_min/lam_max 3.01e-17  proj CP 0.463  W' 0.500  v_min [1.0, -0.0, 1.0, -0.0, -0.0]
--- athlete 4
protocole A : T_lim 232.2 s, sigma_AP 125.3 J, phi1 moyen 702 W, recharge moyenne 617 W
protocole B : T_lim 510.0 s, sigma_AP 140.6 J, phi1 moyen 773 W, recharge moyenne 735 W
A_P        rang 5  spectre 1.0e+00 1.6e-01 3.1e-03 1.0e-04 1.3e-06  lam_min/lam_max 1.35e-06  proj CP 0.000  W' 0.006  v_min [-0.02, 1.0, 0.0, -0.85, -0.02]
VO2 phi1   rang 4  spectre 1.0e+00 5.2e-02 1.1e-03 6.5e-06 1.6e-16  lam_min/lam_max 1.64e-16  proj CP 0.430  W' 0.500  v_min [1.0, 0.0, 1.0, -0.0, -0.0]
VO2 repl   rang 4  spectre 1.0e+00 5.5e-02 6.7e-04 1.3e-04 8.5e-17  lam_min/lam_max 8.49e-17  proj CP 0.430  W' 0.500  v_min [1.0, -0.0, 1.0, 0.0, -0.0]
--- athlete 5
protocole A : T_lim 203.2 s, sigma_AP 106.9 J, phi1 moyen 931 W, recharge moyenne 594 W
protocole B : T_lim 329.4 s, sigma_AP 113.2 J, phi1 moyen 946 W, recharge moyenne 734 W
A_P        rang 5  spectre 1.0e+00 1.5e-01 2.4e-03 2.3e-04 7.5e-06  lam_min/lam_max 7.46e-06  proj CP 0.010  W' 0.010  v_min [-0.08, 1.0, 0.0, -0.8, 0.02]
VO2 phi1   rang 4  spectre 1.0e+00 4.7e-02 2.7e-04 1.7e-05 0.0e+00  lam_min/lam_max 0.00e+00  proj CP 0.443  W' 0.500  v_min [1.0, -0.0, 1.0, -0.0, -0.0]
VO2 repl   rang 4  spectre 1.0e+00 3.7e-02 1.1e-04 2.9e-06 0.0e+00  lam_min/lam_max 0.00e+00  proj CP 0.443  W' 0.500  v_min [1.0, 0.0, 1.0, -0.0, 0.0]
--- athlete 6
protocole A : T_lim 200.3 s, sigma_AP 105.6 J, phi1 moyen 675 W, recharge moyenne 536 W
protocole B : T_lim 388.0 s, sigma_AP 109.6 J, phi1 moyen 721 W, recharge moyenne 651 W
A_P        rang 5  spectre 1.0e+00 1.5e-01 2.9e-03 1.6e-04 4.8e-06  lam_min/lam_max 4.78e-06  proj CP 0.001  W' 0.000  v_min [-0.06, 1.0, 0.01, -0.74, -0.0]
VO2 phi1   rang 4  spectre 1.0e+00 4.9e-02 9.1e-04 1.4e-05 0.0e+00  lam_min/lam_max 0.00e+00  proj CP 0.433  W' 0.500  v_min [1.0, -0.0, 1.0, 0.0, 0.0]
VO2 repl   rang 4  spectre 1.0e+00 5.0e-02 4.4e-04 4.1e-05 0.0e+00  lam_min/lam_max 0.00e+00  proj CP 0.433  W' 0.500  v_min [1.0, 0.0, 1.0, 0.0, 0.0]
--- athlete 7
protocole A : T_lim 170.7 s, sigma_AP 92.5 J, phi1 moyen 1120 W, recharge moyenne 599 W
protocole B : T_lim 266.0 s, sigma_AP 92.9 J, phi1 moyen 1111 W, recharge moyenne 759 W
A_P        rang 5  spectre 1.0e+00 1.4e-01 2.3e-03 3.6e-04 9.2e-06  lam_min/lam_max 9.18e-06  proj CP 0.023  W' 0.011  v_min [-0.08, 1.0, 0.0, -0.97, 0.02]
VO2 phi1   rang 4  spectre 1.0e+00 5.1e-02 1.8e-04 2.4e-05 5.4e-17  lam_min/lam_max 5.39e-17  proj CP 0.439  W' 0.500  v_min [1.0, -0.0, 1.0, 0.0, -0.0]
VO2 repl   rang 4  spectre 1.0e+00 2.9e-02 2.9e-04 6.7e-06 0.0e+00  lam_min/lam_max 0.00e+00  proj CP 0.439  W' 0.500  v_min [1.0, 0.0, 1.0, -0.0, -0.0]
--- athlete 8
protocole A : T_lim 203.9 s, sigma_AP 100.7 J, phi1 moyen 887 W, recharge moyenne 508 W
protocole B : T_lim 329.4 s, sigma_AP 104.9 J, phi1 moyen 904 W, recharge moyenne 655 W
A_P        rang 5  spectre 1.0e+00 1.6e-01 2.6e-03 1.3e-04 3.4e-06  lam_min/lam_max 3.43e-06  proj CP 0.011  W' 0.009  v_min [-0.06, 1.0, 0.0, -0.85, 0.02]
VO2 phi1   rang 4  spectre 1.0e+00 4.7e-02 1.0e-04 8.4e-06 0.0e+00  lam_min/lam_max 0.00e+00  proj CP 0.459  W' 0.500  v_min [1.0, -0.0, 1.0, 0.0, 0.0]
VO2 repl   rang 4  spectre 1.0e+00 3.2e-02 9.0e-05 2.6e-06 0.0e+00  lam_min/lam_max 0.00e+00  proj CP 0.459  W' 0.500  v_min [1.0, 0.0, 1.0, -0.0, 0.0]
--- athlete 9
protocole A : T_lim 164.9 s, sigma_AP 82.1 J, phi1 moyen 1065 W, recharge moyenne 667 W
protocole B : T_lim 209.8 s, sigma_AP 84.5 J, phi1 moyen 1028 W, recharge moyenne 725 W
A_P        rang 5  spectre 1.0e+00 1.5e-01 2.0e-03 3.5e-04 8.5e-06  lam_min/lam_max 8.50e-06  proj CP 0.026  W' 0.007  v_min [-0.08, 1.0, 0.0, -0.99, 0.01]
VO2 phi1   rang 4  spectre 1.0e+00 4.4e-02 2.5e-04 3.5e-05 4.2e-17  lam_min/lam_max 4.19e-17  proj CP 0.427  W' 0.500  v_min [1.0, 0.0, 1.0, -0.0, -0.0]
VO2 repl   rang 4  spectre 1.0e+00 2.6e-02 1.3e-04 1.1e-05 0.0e+00  lam_min/lam_max 0.00e+00  proj CP 0.427  W' 0.500  v_min [1.0, -0.0, 1.0, 0.0, -0.0]

== Mediane sur 10 athletes ==
A_P        rang 5  lam_min/lam_max 6.12e-06  proj CP 0.008  W' 0.008  v_min [-0.07, 1.0, 0.0, -0.82, 0.01]
VO2 phi1   rang 4  lam_min/lam_max 2.41e-17  proj CP 0.437  W' 0.500  v_min [1.0, -0.0, 1.0, 0.0, -0.0]
VO2 repl   rang 4  lam_min/lam_max 0.00e+00  proj CP 0.437  W' 0.500  v_min [1.0, 0.0, 1.0, -0.0, -0.0]
TERMINE fim_vo2_single_v5
