i= 0 CP_m 300  CP_test 243 (0.81)  W'_m 17.6  W'_test 14.2 (0.81)  Tlim102 270 Tlim110 159
i= 1 CP_m 255  CP_test 216 (0.85)  W'_m 19.1  W'_test 16.0 (0.84)  Tlim102 430 Tlim110 242
i= 2 CP_m 322  CP_test 267 (0.83)  W'_m 20.0  W'_test 16.6 (0.83)  Tlim102 326 Tlim110 187
i= 3 CP_m 331  CP_test 281 (0.85)  W'_m 13.7  W'_test 10.6 (0.78)  Tlim102 233 Tlim110 125
i= 4 CP_m 217  CP_test 175 (0.81)  W'_m 18.6  W'_test 15.1 (0.81)  Tlim102 397 Tlim110 232
i= 5 CP_m 292  CP_test 243 (0.83)  W'_m 19.6  W'_test 16.0 (0.82)  Tlim102 357 Tlim110 203
i= 6 CP_m 231  CP_test 187 (0.81)  W'_m 16.6  W'_test 13.6 (0.82)  Tlim102 343 Tlim110 200
i= 7 CP_m 348  CP_test 303 (0.87)  W'_m 17.3  W'_test 13.9 (0.80)  Tlim102 321 Tlim110 171
i= 8 CP_m 295  CP_test 246 (0.84)  W'_m 20.4  W'_test 16.2 (0.79)  Tlim102 364 Tlim110 204
i= 9 CP_m 361  CP_test 306 (0.85)  W'_m 18.3  W'_test 15.2 (0.83)  Tlim102 294 Tlim110 165
i=10 CP_m 390  CP_test 323 (0.83)  W'_m 20.4  W'_test 16.6 (0.81)  Tlim102 268 Tlim110 154
i=11 CP_m 292  CP_test 242 (0.83)  W'_m 26.3  W'_test 21.1 (0.80)  Tlim102 461 Tlim110 262
i=12 CP_m 270  CP_test 219 (0.81)  W'_m 14.1  W'_test 11.5 (0.81)  Tlim102 247 Tlim110 145
i=13 CP_m 274  CP_test 239 (0.87)  W'_m 15.1  W'_test 12.0 (0.80)  Tlim102 355 Tlim110 188
i=14 CP_m 264  CP_test 223 (0.84)  W'_m 16.4  W'_test 13.5 (0.82)  Tlim102 349 Tlim110 196
i=15 CP_m 357  CP_test 297 (0.83)  W'_m 18.4  W'_test 14.5 (0.79)  Tlim102 268 Tlim110 150
i=16 CP_m 369  CP_test 298 (0.81)  W'_m 19.0  W'_test 15.3 (0.81)  Tlim102 237 Tlim110 140
i=17 CP_m 291  CP_test 236 (0.81)  W'_m 25.2  W'_test 20.6 (0.82)  Tlim102 411 Tlim110 241
i=18 CP_m 329  CP_test 268 (0.82)  W'_m 26.1  W'_test 21.0 (0.81)  Tlim102 377 Tlim110 220
i=19 CP_m 300  CP_test 245 (0.82)  W'_m 11.1  W'_test 9.3 (0.84)  Tlim102 186 Tlim110 108
i=20 CP_m 286  CP_test 246 (0.86)  W'_m 16.5  W'_test 13.2 (0.80)  Tlim102 351 Tlim110 190
i=21 CP_m 272  CP_test 223 (0.82)  W'_m 19.8  W'_test 16.1 (0.81)  Tlim102 359 Tlim110 208
i=22 CP_m 332  CP_test 268 (0.81)  W'_m 18.5  W'_test 15.1 (0.82)  Tlim102 263 Tlim110 154
i=23 CP_m 253  CP_test 213 (0.84)  W'_m 19.4  W'_test 16.2 (0.83)  Tlim102 434 Tlim110 245
i=24 CP_m 304  CP_test 259 (0.85)  W'_m 14.8  W'_test 11.6 (0.78)  Tlim102 280 Tlim110 151
i=25 CP_m 316  CP_test 257 (0.81)  W'_m 25.0  W'_test 20.6 (0.82)  Tlim102 383 Tlim110 223
i=26 CP_m 262  CP_test 218 (0.83)  W'_m 25.9  W'_test 21.3 (0.82)  Tlim102 524 Tlim110 299
i=27 CP_m 365  CP_test 323 (0.88)  W'_m 15.3  W'_test 11.8 (0.78)  Tlim102 294 Tlim110 149
i=28 CP_m 349  CP_test 292 (0.84)  W'_m 17.1  W'_test 14.0 (0.82)  Tlim102 264 Tlim110 149
i=29 CP_m 243  CP_test 204 (0.84)  W'_m 19.8  W'_test 16.1 (0.81)  Tlim102 451 Tlim110 253
i=30 CP_m 269  CP_test 219 (0.82)  W'_m 25.4  W'_test 20.6 (0.81)  Tlim102 455 Tlim110 265
i=31 CP_m 283  CP_test 227 (0.80)  W'_m 24.4  W'_test 19.7 (0.81)  Tlim102 392 Tlim110 230
i=32 CP_m 270  CP_test 224 (0.83)  W'_m 13.8  W'_test 11.0 (0.80)  Tlim102 263 Tlim110 149
i=33 CP_m 291  CP_test 242 (0.83)  W'_m 17.1  W'_test 14.1 (0.83)  Tlim102 313 Tlim110 179
i=34 CP_m 303  CP_test 250 (0.83)  W'_m 20.1  W'_test 16.7 (0.83)  Tlim102 342 Tlim110 197
i=35 CP_m 250  CP_test 207 (0.83)  W'_m 23.6  W'_test 19.0 (0.81)  Tlim102 476 Tlim110 273
i=36 CP_m 298  CP_test 240 (0.80)  W'_m 17.9  W'_test 14.5 (0.81)  Tlim102 274 Tlim110 162
i=37 CP_m 293  CP_test 237 (0.81)  W'_m 23.8  W'_test 19.5 (0.82)  Tlim102 383 Tlim110 224
i=38 CP_m 275  CP_test 228 (0.83)  W'_m 20.8  W'_test 16.9 (0.81)  Tlim102 390 Tlim110 223
i=39 CP_m 324  CP_test 273 (0.84)  W'_m 19.1  W'_test 15.0 (0.79)  Tlim102 319 Tlim110 175
i=40 CP_m 368  CP_test 297 (0.81)  W'_m 25.6  W'_test 20.9 (0.82)  Tlim102 324 Tlim110 190
i=41 CP_m 385  CP_test 314 (0.82)  W'_m 21.5  W'_test 17.3 (0.81)  Tlim102 269 Tlim110 156
i=42 CP_m 254  CP_test 211 (0.83)  W'_m 11.2  W'_test 9.1 (0.81)  Tlim102 227 Tlim110 130
i=43 CP_m 312  CP_test 274 (0.88)  W'_m 15.8  W'_test 12.9 (0.81)  Tlim102 344 Tlim110 183
i=44 CP_m 232  CP_test 186 (0.80)  W'_m 20.5  W'_test 16.5 (0.81)  Tlim102 396 Tlim110 234
i=45 CP_m 297  CP_test 245 (0.82)  W'_m 14.3  W'_test 11.5 (0.80)  Tlim102 238 Tlim110 137
i=46 CP_m 260  CP_test 207 (0.80)  W'_m 20.2  W'_test 16.1 (0.80)  Tlim102 339 Tlim110 201
i=47 CP_m 391  CP_test 323 (0.83)  W'_m 21.4  W'_test 17.4 (0.81)  Tlim102 278 Tlim110 160
i=48 CP_m 235  CP_test 190 (0.81)  W'_m 21.6  W'_test 17.5 (0.81)  Tlim102 427 Tlim110 251
i=49 CP_m 287  CP_test 235 (0.82)  W'_m 16.9  W'_test 13.6 (0.81)  Tlim102 284 Tlim110 165
{
 "n": 50,
 "CP_ratio": {
  "median": 0.8272138432041212,
  "q": [
   0.811168549219885,
   0.8397456656470924
  ],
  "range": [
   0.797587525760084,
   0.8848764888661594
  ]
 },
 "Wp_ratio": {
  "median": 0.8122077882669392,
  "q": [
   0.8044385764342618,
   0.8185559594847306
  ],
  "range": [
   0.7750509163197133,
   0.8394719747853824
  ]
 },
 "Tlim_median": {
  "1.02": 340.31693226416667,
  "1.05": 253.24021302723037,
  "1.1": 188.98635414370546,
  "1.25": 117.05684991040904,
  "1.5": 75.52510674487068,
  "2.0": 45.55745672468598
 },
 "Tlim_range": {
  "1.02": [
   185.98578231158982,
   523.86640827074
  ],
  "1.05": [
   140.33775552049897,
   392.8079739946017
  ],
  "1.1": [
   107.9030240948372,
   299.28659801352694
  ],
  "1.25": [
   69.6720917750396,
   189.6486156667101
  ],
  "1.5": [
   45.94624305817517,
   123.19979344445494
  ],
  "2.0": [
   27.965513729378554,
   74.29536348867609
  ]
 },
 "Tlim_cpmodel_median": {
  "1.02": 3053.3072818523706,
  "1.05": 1221.3229127409481,
  "1.1": 610.6614563704741,
  "1.25": 244.26458254818985,
  "1.5": 122.13229127409492,
  "2.0": 61.06614563704746
 },
 "Wp_hyp_median_kJ": {
  "1.02": 2.0685496719956538,
  "1.05": 3.804015303617953,
  "1.1": 5.700987436806476,
  "1.25": 8.900138683429196,
  "1.5": 11.706446792207037,
  "2.0": 14.25750618832096
 }
}
figure ok
