seed8 i= 0 bornes [ 0.58 12.69  0.08 19.1   0.27] CP 1.102 flux 7.570 expo -1.53 LM CP 0.13% (113 s)
seed8 i= 1 bornes [0.2  4.85 0.05 4.75 0.2 ] CP 0.024 flux 0.200 expo -0.98 LM CP 0.07% (556 s)
seed8 i= 2 bornes [0.41 3.67 0.05 3.08 0.18] CP 0.088 flux 1.150 expo -0.83 LM CP 0.08% (714 s)
seed8 i= 3 bornes [0.38 2.46 0.05 1.97 0.19] CP 0.072 flux 0.866 expo -0.79 LM CP 0.12% (917 s)
seed8 i= 4 bornes [0.4  3.24 0.05 2.81 0.18] CP 0.103 flux 0.974 expo -0.86 LM CP 0.01% (1062 s)
seed8 i= 5 bornes [0.49 2.93 0.05 1.86 0.22] CP 0.032 flux 1.329 expo -0.62 LM CP 0.00% (1508 s)
seed8 i= 6 bornes [0.51 3.57 0.06 2.72 0.24] CP 0.068 flux 1.338 expo -0.75 LM CP 0.14% (1740 s)
seed8 i= 7 bornes [0.34 5.01 0.05 7.95 0.17] CP 0.677 flux 3.256 expo -1.60 LM CP 0.81% (1845 s)
seed8 i= 8 bornes [0.44 5.23 0.05 4.07 0.18] CP 0.074 flux 1.841 expo -0.77 LM CP 0.04% (1998 s)
seed8 i= 9 bornes [0.45 4.32 0.05 3.26 0.2 ] CP 0.074 flux 1.675 expo -0.74 LM CP 0.02% (2189 s)
seed8 i=10 bornes [0.57 3.75 0.05 2.38 0.25] CP 0.037 flux 1.713 expo -0.62  (2313 s)
seed8 i=11 bornes [0.45 2.62 0.05 1.89 0.21] CP 0.046 flux 1.036 expo -0.71  (2381 s)
seed8 i=12 bornes [0.51 3.06 0.05 2.16 0.22] CP 0.030 flux 1.215 expo -0.69  (2504 s)
seed8 i=13 bornes [0.5  5.   0.05 3.75 0.21] CP 0.066 flux 1.947 expo -0.74  (2557 s)
seed8 i=14 bornes [0.4  4.47 0.04 3.7  0.17] CP 0.092 flux 1.494 expo -0.82  (2594 s)
seed8 i=15 bornes [0.38 4.09 0.06 4.82 0.18] CP 0.323 flux 1.370 expo -1.18  (2623 s)
seed8 i=16 bornes [0.36 2.2  0.05 1.84 0.19] CP 0.079 flux 0.721 expo -0.83  (2687 s)
seed8 i=17 bornes [0.45 3.38 0.05 2.54 0.21] CP 0.066 flux 1.288 expo -0.74  (2742 s)
seed8 i=18 bornes [0.56 3.29 0.06 2.15 0.27] CP 0.047 flux 1.415 expo -0.64  (2847 s)
seed8 i=19 bornes [0.48 5.93 0.05 4.66 0.2 ] CP 0.052 flux 1.991 expo -0.78  (2904 s)
TERMINE pop seed8 0
