rho05 i= 0 bornes [0.51 6.07 0.05 4.55 0.21] CP 0.076 flux 2.333 expo -0.74 LM CP 0.07% (184 s)
rho05 i= 1 bornes [0.46 2.34 0.06 1.87 0.24] CP 0.080 flux 0.807 expo -0.79 LM CP 0.09% (379 s)
rho05 i= 2 bornes [0.4  2.71 0.05 2.08 0.19] CP 0.061 flux 1.012 expo -0.75 LM CP 0.07% (598 s)
rho05 i= 3 bornes [0.39 5.84 0.05 5.92 0.18] CP 0.220 flux 1.779 expo -1.01 LM CP 0.73% (741 s)
rho05 i= 4 bornes [0.69 7.25 0.07 5.97 0.29] CP 0.070 flux 2.059 expo -0.82 LM CP 0.02% (1003 s)
rho05 i= 5 bornes [0.44 3.29 0.05 2.64 0.21] CP 0.090 flux 1.174 expo -0.79 LM CP 0.04% (1194 s)
rho05 i= 6 bornes [0.61 4.8  0.07 3.74 0.27] CP 0.086 flux 1.716 expo -0.77 LM CP 0.11% (1362 s)
rho05 i= 7 bornes [0.36 2.93 0.05 2.92 0.19] CP 0.158 flux 0.884 expo -0.99 LM CP 0.16% (1528 s)
rho05 i= 8 bornes [0.41 4.49 0.05 3.86 0.2 ] CP 0.120 flux 1.456 expo -0.85 LM CP 0.11% (1747 s)
rho05 i= 9 bornes [0.36 2.07 0.04 1.6  0.18] CP 0.057 flux 0.752 expo -0.76 LM CP 0.01% (1888 s)
rho05 i=10 bornes [0.35 3.2  0.04 2.59 0.16] CP 0.073 flux 1.145 expo -0.80  (1916 s)
rho05 i=11 bornes [0.43 3.76 0.05 2.7  0.2 ] CP 0.059 flux 1.450 expo -0.70  (1966 s)
rho05 i=12 bornes [0.6  6.38 0.06 5.04 0.25] CP 0.110 flux 2.259 expo -0.78  (1990 s)
rho05 i=13 bornes [0.42 3.46 0.06 3.65 0.23] CP 0.216 flux 1.071 expo -1.06  (2023 s)
rho05 i=14 bornes [0.46 3.41 0.06 3.11 0.24] CP 0.149 flux 1.059 expo -0.91  (2053 s)
rho05 i=15 bornes [0.38 4.5  0.04 3.81 0.17] CP 0.108 flux 1.531 expo -0.84  (2082 s)
rho05 i=16 bornes [0.39 4.99 0.04 3.77 0.16] CP 0.055 flux 1.897 expo -0.74  (2112 s)
rho05 i=17 bornes [0.48 3.87 0.05 2.76 0.21] CP 0.050 flux 1.599 expo -0.70  (2159 s)
rho05 i=18 bornes [0.42 4.2  0.04 2.9  0.19] CP 0.047 flux 1.755 expo -0.67  (2201 s)
rho05 i=19 bornes [0.55 4.83 0.06 3.99 0.22] CP 0.107 flux 1.433 expo -0.82  (2219 s)
TERMINE pop rho05 0
