seed9 i= 0 bornes [0.49 2.72 0.05 1.85 0.24] CP 0.046 flux 1.133 expo -0.66 LM CP 0.01% (331 s)
seed9 i= 1 bornes [0.56 9.66 0.05 8.04 0.22] CP 0.090 flux 2.832 expo -0.83 LM CP 0.04% (503 s)
seed9 i= 2 bornes [0.32 1.53 0.04 1.21 0.17] CP 0.052 flux 0.527 expo -0.78 LM CP 0.05% (767 s)
seed9 i= 3 bornes [0.46 4.21 0.06 3.45 0.22] CP 0.109 flux 1.414 expo -0.81 LM CP 0.27% (964 s)
seed9 i= 4 bornes [0.4  4.84 0.05 4.21 0.19] CP 0.125 flux 1.562 expo -0.86 LM CP 0.07% (1180 s)
seed9 i= 5 bornes [0.46 5.53 0.05 4.42 0.19] CP 0.050 flux 1.781 expo -0.79 LM CP 0.01% (1421 s)
seed9 i= 6 bornes [0.58 5.46 0.06 4.12 0.24] CP 0.047 flux 1.977 expo -0.74 LM CP 0.07% (1756 s)
seed9 i= 7 bornes [0.52 7.24 0.05 5.7  0.22] CP 0.089 flux 2.636 expo -0.78 LM CP 0.05% (1946 s)
seed9 i= 8 bornes [0.33 4.7  0.04 5.92 0.17] CP 0.338 flux 1.928 expo -1.27 LM CP 0.20% (2101 s)
seed9 i= 9 bornes [0.47 2.91 0.06 2.33 0.24] CP 0.088 flux 1.028 expo -0.79 LM CP 0.02% (2308 s)
seed9 i=10 bornes [0.37 4.89 0.05 5.7  0.18] CP 0.301 flux 1.739 expo -1.17  (2348 s)
seed9 i=11 bornes [0.42 3.19 0.05 2.55 0.19] CP 0.059 flux 1.065 expo -0.79  (2393 s)
seed9 i=12 bornes [0.44 3.66 0.05 2.92 0.21] CP 0.089 flux 1.304 expo -0.79  (2448 s)
seed9 i=13 bornes [0.61 6.39 0.06 5.28 0.26] CP 0.050 flux 1.685 expo -0.82  (2519 s)
seed9 i=14 bornes [0.4  3.65 0.05 3.22 0.19] CP 0.122 flux 1.188 expo -0.88  (2568 s)
seed9 i=15 bornes [0.41 3.28 0.04 2.4  0.19] CP 0.058 flux 1.320 expo -0.72  (2629 s)
seed9 i=16 bornes [0.53 4.09 0.05 2.65 0.23] CP 0.037 flux 1.874 expo -0.63  (2757 s)
seed9 i=17 bornes [0.52 4.22 0.06 3.06 0.25] CP 0.073 flux 1.653 expo -0.71  (2829 s)
seed9 i=18 bornes [0.38 3.77 0.04 3.11 0.17] CP 0.093 flux 1.301 expo -0.81  (2873 s)
seed9 i=19 bornes [0.62 7.38 0.06 5.58 0.26] CP 0.077 flux 2.799 expo -0.74  (2920 s)
TERMINE pop seed9 0
