eta_low i= 0 bornes [0.51 6.51 0.06 5.18 0.21] CP 0.111 flux 2.293 expo -0.79 LM CP 0.02% (98 s)
eta_low i= 1 bornes [0.47 2.37 0.06 1.88 0.25] CP 0.079 flux 0.813 expo -0.78 LM CP 0.09% (243 s)
eta_low i= 2 bornes [0.39 3.31 0.05 3.14 0.19] CP 0.148 flux 0.960 expo -0.94 LM CP 0.13% (344 s)
eta_low i= 3 bornes [ 0.53 16.89  0.05 29.87  0.19] CP 1.882 flux 13.331 expo -1.78 LM CP 5.09% (401 s)
eta_low i= 4 bornes [0.68 7.51 0.07 6.25 0.29] CP 0.071 flux 2.052 expo -0.83 LM CP 0.02% (594 s)
eta_low i= 5 bornes [0.43 3.5  0.05 3.1  0.21] CP 0.128 flux 1.103 expo -0.88 LM CP 0.00% (720 s)
eta_low i= 6 bornes [0.61 4.87 0.07 3.83 0.27] CP 0.087 flux 1.715 expo -0.78 LM CP 0.11% (858 s)
eta_low i= 7 bornes [0.35 3.27 0.05 3.86 0.19] CP 0.266 flux 1.172 expo -1.19 LM CP 0.29% (946 s)
eta_low i= 8 bornes [0.42 5.07 0.05 4.93 0.2 ] CP 0.190 flux 1.516 expo -0.97 LM CP 0.15% (1074 s)
eta_low i= 9 bornes [0.33 2.36 0.05 2.26 0.17] CP 0.128 flux 0.679 expo -0.96 LM CP 0.05% (1172 s)
eta_low i=10 bornes [0.4  3.02 0.06 2.96 0.21] CP 0.162 flux 0.904 expo -0.98  (1203 s)
eta_low i=11 bornes [0.38 5.8  0.05 7.8  0.18] CP 0.519 flux 2.521 expo -1.36  (1225 s)
eta_low i=12 bornes [0.47 3.88 0.05 3.19 0.22] CP 0.100 flux 1.347 expo -0.81  (1257 s)
eta_low i=13 bornes [0.53 6.25 0.06 8.31 0.21] CP 0.668 flux 2.417 expo -1.33  (1269 s)
eta_low i=14 bornes [0.41 2.3  0.06 1.9  0.22] CP 0.084 flux 0.730 expo -0.82  (1312 s)
eta_low i=15 bornes [0.42 2.28 0.06 1.89 0.23] CP 0.086 flux 0.753 expo -0.82  (1356 s)
eta_low i=16 bornes [0.39 5.3  0.05 5.31 0.18] CP 0.206 flux 1.638 expo -1.00  (1381 s)
eta_low i=17 bornes [0.44 2.45 0.05 1.85 0.23] CP 0.065 flux 0.901 expo -0.74  (1429 s)
eta_low i=18 bornes [0.59 6.31 0.06 5.22 0.23] CP 0.119 flux 1.874 expo -0.82  (1448 s)
eta_low i=19 bornes [0.41 4.26 0.06 5.22 0.21] CP 0.358 flux 1.618 expo -1.24  (1476 s)
TERMINE pop eta_low 0
