tau_wide i= 0 bornes [0.49 5.6  0.05 4.28 0.21] CP 0.088 flux 2.098 expo -0.75 LM CP 0.07% (179 s)
tau_wide i= 1 bornes [0.42 1.83 0.06 1.46 0.24] CP 0.066 flux 0.594 expo -0.79 LM CP 0.08% (493 s)
tau_wide i= 2 bornes [0.36 2.38 0.05 2.02 0.19] CP 0.086 flux 0.781 expo -0.84 LM CP 0.08% (692 s)
tau_wide i= 3 bornes [ 0.37  9.61  0.05 17.72  0.17] CP 1.180 flux 8.660 expo -1.87 LM CP 5.47% (818 s)
tau_wide i= 4 bornes [ 0.7  10.9   0.07  9.51  0.31] CP 0.055 flux 2.208 expo -0.87 LM CP 0.03% (1206 s)
tau_wide i= 5 bornes [0.39 2.79 0.05 2.43 0.21] CP 0.104 flux 0.863 expo -0.86 LM CP 0.05% (1431 s)
tau_wide i= 6 bornes [0.6  4.22 0.06 3.11 0.27] CP 0.061 flux 1.632 expo -0.72 LM CP 0.12% (1639 s)
tau_wide i= 7 bornes [0.31 2.86 0.05 3.88 0.18] CP 0.314 flux 1.380 expo -1.37 LM CP 0.32% (1850 s)
tau_wide i= 8 bornes [0.38 4.27 0.05 4.24 0.2 ] CP 0.170 flux 1.148 expo -0.99 LM CP 0.15% (2144 s)
tau_wide i= 9 bornes [0.31 2.01 0.05 2.05 0.17] CP 0.136 flux 0.610 expo -1.02 LM CP 0.03% (2323 s)
tau_wide i=10 bornes [0.32 3.54 0.04 3.78 0.15] CP 0.194 flux 1.095 expo -1.07  (2361 s)
tau_wide i=11 bornes [0.4  3.27 0.05 2.48 0.21] CP 0.060 flux 1.062 expo -0.75  (2466 s)
tau_wide i=12 bornes [0.58 6.24 0.06 5.12 0.25] CP 0.126 flux 2.119 expo -0.81  (2503 s)
tau_wide i=13 bornes [0.36 3.05 0.06 3.84 0.22] CP 0.284 flux 1.243 expo -1.27  (2562 s)
tau_wide i=14 bornes [0.42 2.65 0.06 2.37 0.23] CP 0.115 flux 0.776 expo -0.89  (2628 s)
tau_wide i=15 bornes [0.33 5.48 0.04 7.12 0.16] CP 0.376 flux 2.434 expo -1.31  (2667 s)
tau_wide i=16 bornes [0.37 4.96 0.04 4.07 0.16] CP 0.092 flux 1.696 expo -0.81  (2702 s)
tau_wide i=17 bornes [0.46 3.22 0.05 2.15 0.21] CP 0.041 flux 1.382 expo -0.65  (2786 s)
tau_wide i=18 bornes [0.39 3.74 0.04 2.81 0.19] CP 0.065 flux 1.357 expo -0.74  (2855 s)
tau_wide i=19 bornes [0.59 5.26 0.06 4.13 0.22] CP 0.089 flux 1.679 expo -0.78  (2882 s)
TERMINE pop tau_wide 0
