manuscrit A+B          i= 0 cond=5.11e+05 (21 s)
manuscrit A+B          i= 1 cond=5.36e+04 (65 s)
manuscrit A+B          i= 2 cond=1.03e+05 (92 s)
manuscrit A+B          i= 3 cond=1.06e+06 (107 s)
manuscrit A+B          i= 4 cond=7.43e+05 (152 s)
manuscrit A+B          i= 5 cond=1.35e+05 (181 s)
manuscrit A+B          i= 6 cond=2.1e+05 (214 s)
manuscrit A+B          i= 7 cond=1.09e+05 (242 s)
manuscrit A+B          i= 8 cond=2.92e+05 (277 s)
manuscrit A+B          i= 9 cond=1.18e+05 (299 s)
manuscrit A+B          i=10 cond=2.34e+05 (323 s)
manuscrit A+B          i=11 cond=1.81e+09 (372 s)
manuscrit A+B          i=12 cond=3.08e+05 (392 s)
manuscrit A+B          i=13 cond=1.42e+05 (419 s)
manuscrit A+B          i=14 cond=9.39e+04 (449 s)
manuscrit A seul       i= 0 cond=6.31e+06 (456 s)
manuscrit A seul       i= 1 cond=8.06e+05 (468 s)
manuscrit A seul       i= 2 cond=1.48e+06 (477 s)
manuscrit A seul       i= 3 cond=7.27e+06 (485 s)
manuscrit A seul       i= 4 cond=3.34e+07 (499 s)
manuscrit A seul       i= 5 cond=1.89e+06 (510 s)
manuscrit A seul       i= 6 cond=3.57e+06 (522 s)
manuscrit A seul       i= 7 cond=1.46e+06 (532 s)
manuscrit A seul       i= 8 cond=4.62e+06 (542 s)
manuscrit A seul       i= 9 cond=9.02e+05 (552 s)
manuscrit A seul       i=10 cond=2.53e+06 (560 s)
manuscrit A seul       i=11 cond=3.91e+06 (573 s)
manuscrit A seul       i=12 cond=4.21e+06 (581 s)
manuscrit A seul       i=13 cond=1.57e+06 (591 s)
manuscrit A seul       i=14 cond=1.33e+06 (601 s)
const 105%             i= 0 cond=3.85e+06 (613 s)
const 105%             i= 1 cond=3.92e+05 (630 s)
const 105%             i= 2 cond=7.99e+05 (648 s)
const 105%             i= 3 cond=2.05e+06 (657 s)
const 105%             i= 4 cond=5.14e+07 (670 s)
const 105%             i= 5 cond=8.76e+05 (684 s)
const 105%             i= 6 cond=3.13e+06 (696 s)
const 105%             i= 7 cond=4.73e+05 (716 s)
const 105%             i= 8 cond=1.7e+06 (729 s)
const 105%             i= 9 cond=4.12e+05 (739 s)
const 105%             i=10 cond=1.2e+06 (747 s)
const 105%             i=11 cond=1.63e+06 (760 s)
const 105%             i=12 cond=2.83e+06 (768 s)
const 105%             i=13 cond=4.97e+05 (780 s)
const 105%             i=14 cond=5.85e+05 (793 s)
const 110%             i= 0 cond=6.31e+06 (799 s)
const 110%             i= 1 cond=8.06e+05 (817 s)
const 110%             i= 2 cond=1.48e+06 (827 s)
const 110%             i= 3 cond=7.27e+06 (834 s)
const 110%             i= 4 cond=3.34e+07 (845 s)
const 110%             i= 5 cond=1.89e+06 (854 s)
const 110%             i= 6 cond=3.57e+06 (863 s)
const 110%             i= 7 cond=1.46e+06 (872 s)
const 110%             i= 8 cond=4.62e+06 (880 s)
const 110%             i= 9 cond=9.02e+05 (887 s)
const 110%             i=10 cond=2.53e+06 (895 s)
const 110%             i=11 cond=3.91e+06 (906 s)
const 110%             i=12 cond=4.21e+06 (912 s)
const 110%             i=13 cond=1.57e+06 (920 s)
const 110%             i=14 cond=1.33e+06 (929 s)
const 120%             i= 0 cond=1.57e+07 (938 s)
const 120%             i= 1 cond=2.88e+06 (945 s)
const 120%             i= 2 cond=4.51e+06 (950 s)
const 120%             i= 3 cond=4.59e+07 (954 s)
const 120%             i= 4 cond=2.43e+07 (962 s)
const 120%             i= 5 cond=6.93e+06 (967 s)
const 120%             i= 6 cond=5.87e+06 (974 s)
const 120%             i= 7 cond=8.81e+06 (979 s)
const 120%             i= 8 cond=2.17e+07 (984 s)
const 120%             i= 9 cond=3.49e+06 (989 s)
const 120%             i=10 cond=8.82e+06 (995 s)
const 120%             i=11 cond=1.58e+07 (1001 s)
const 120%             i=12 cond=9.39e+06 (1006 s)
const 120%             i=13 cond=9.82e+06 (1011 s)
const 120%             i=14 cond=5.26e+06 (1016 s)
const 140%             i= 0 cond=6.99e+07 (1019 s)
const 140%             i= 1 cond=2.19e+07 (1035 s)
const 140%             i= 2 cond=2.71e+07 (1039 s)
const 140%             i= 3 cond=5.37e+08 (1042 s)
const 140%             i= 4 cond=2.78e+07 (1048 s)
const 140%             i= 5 cond=5.07e+07 (1057 s)
const 140%             i= 6 cond=1.72e+07 (1063 s)
const 140%             i= 7 cond=1.14e+08 (1067 s)
const 140%             i= 8 cond=1.96e+08 (1071 s)
const 140%             i= 9 cond=2.89e+07 (1075 s)
const 140%             i=10 cond=6.02e+07 (1079 s)
const 140%             i=11 cond=1.22e+08 (1085 s)
const 140%             i=12 cond=3.8e+07 (1089 s)
const 140%             i=13 cond=1.3e+08 (1092 s)
const 140%             i=14 cond=4.33e+07 (1099 s)
const 105+140          i= 0 cond=1.07e+06 (1112 s)
const 105+140          i= 1 cond=2.46e+05 (1136 s)
const 105+140          i= 2 cond=3.68e+05 (1151 s)
const 105+140          i= 3 cond=2.17e+06 (1162 s)
const 105+140          i= 4 cond=5.57e+05 (1181 s)
const 105+140          i= 5 cond=5.48e+05 (1197 s)
const 105+140          i= 6 cond=3.17e+05 (1215 s)
const 105+140          i= 7 cond=4.74e+05 (1233 s)
const 105+140          i= 8 cond=1.4e+06 (1251 s)
const 105+140          i= 9 cond=2.88e+05 (1266 s)
const 105+140          i=10 cond=6.87e+05 (1279 s)
const 105+140          i=11 cond=1.16e+06 (1300 s)
const 105+140          i=12 cond=6.11e+05 (1313 s)
const 105+140          i=13 cond=5.05e+05 (1330 s)
const 105+140          i=14 cond=4.17e+05 (1345 s)
const 110+140          i= 0 cond=1.43e+06 (1355 s)
const 110+140          i= 1 cond=3.8e+05 (1372 s)
const 110+140          i= 2 cond=5.25e+05 (1387 s)
const 110+140          i= 3 cond=5.72e+06 (1395 s)
const 110+140          i= 4 cond=6.45e+05 (1409 s)
const 110+140          i= 5 cond=8.64e+05 (1421 s)
const 110+140          i= 6 cond=3.91e+05 (1433 s)
const 110+140          i= 7 cond=1.18e+06 (1444 s)
const 110+140          i= 8 cond=2.75e+06 (1456 s)
const 110+140          i= 9 cond=4.7e+05 (1465 s)
const 110+140          i=10 cond=1.06e+06 (1473 s)
const 110+140          i=11 cond=1.95e+06 (1487 s)
const 110+140          i=12 cond=7.85e+05 (1497 s)
const 110+140          i=13 cond=1.31e+06 (1509 s)
const 110+140          i=14 cond=6.93e+05 (1520 s)
interm 120/60 30s      i= 0 cond=5.75e+06 (1609 s)
interm 120/60 30s      i= 1 cond=3.28e+05 (1694 s)
interm 120/60 30s      i= 2 cond=9.38e+05 (1786 s)
interm 120/60 30s      i= 3 cond=5.98e+05 (1881 s)
interm 120/60 30s      i= 4 cond=5.15e+07 (1964 s)
interm 120/60 30s      i= 5 cond=6.54e+05 (2066 s)
interm 120/60 30s      i= 6 cond=7.8e+06 (2167 s)
interm 120/60 30s      i= 7 cond=2.2e+05 (2275 s)
interm 120/60 30s      i= 8 cond=6.39e+05 (2368 s)
interm 120/60 30s      i= 9 cond=4.15e+05 (2459 s)
interm 120/60 30s      i=10 cond=1.15e+06 (2554 s)
interm 120/60 30s      i=11 cond=7.26e+05 (2634 s)
interm 120/60 30s      i=12 cond=5.69e+06 (2727 s)
interm 120/60 30s      i=13 cond=1.99e+05 (2814 s)
interm 120/60 30s      i=14 cond=4.34e+05 (2901 s)
interm 120/60 60s      i= 0 cond=1.36e+06 (2913 s)
interm 120/60 60s      i= 1 cond=3.17e+05 (2990 s)
interm 120/60 60s      i= 2 cond=3.48e+05 (3007 s)
interm 120/60 60s      i= 3 cond=8.81e+06 (3014 s)
interm 120/60 60s      i= 4 cond=2.15e+06 (3093 s)
interm 120/60 60s      i= 5 cond=2.81e+05 (3115 s)
interm 120/60 60s      i= 6 cond=1.42e+06 (3192 s)
interm 120/60 60s      i= 7 cond=2.23e+05 (3203 s)
interm 120/60 60s      i= 8 cond=3.36e+05 (3224 s)
interm 120/60 60s      i= 9 cond=2.2e+05 (3236 s)
interm 120/60 60s      i=10 cond=5.12e+05 (3247 s)
interm 120/60 60s      i=11 cond=6.46e+05 (3319 s)
interm 120/60 60s      i=12 cond=6.11e+05 (3331 s)
interm 120/60 60s      i=13 cond=2.77e+05 (3344 s)
interm 120/60 60s      i=14 cond=2.09e+05 (3361 s)
interm 120/60 120s     i= 0 cond=1.57e+07 (3367 s)
interm 120/60 120s     i= 1 cond=2.93e+05 (3379 s)
interm 120/60 120s     i= 2 cond=1.05e+05 (3391 s)
interm 120/60 120s     i= 3 cond=4.59e+07 (3396 s)
interm 120/60 120s     i= 4 cond=2.96e+05 (3409 s)
interm 120/60 120s     i= 5 cond=2.73e+05 (3421 s)
interm 120/60 120s     i= 6 cond=1.1e+05 (3433 s)
interm 120/60 120s     i= 7 cond=8.81e+06 (3438 s)
interm 120/60 120s     i= 8 cond=1.02e+06 (3449 s)
interm 120/60 120s     i= 9 cond=3.49e+06 (3454 s)
interm 120/60 120s     i=10 cond=8.82e+06 (3458 s)
interm 120/60 120s     i=11 cond=3.7e+06 (3469 s)
interm 120/60 120s     i=12 cond=9.39e+06 (3473 s)
interm 120/60 120s     i=13 cond=2.34e+05 (3485 s)
interm 120/60 120s     i=14 cond=1.72e+05 (3497 s)
interm 140/50 30s      i= 0 cond=2.04e+06 (3507 s)
interm 140/50 30s      i= 1 cond=1.58e+05 (3531 s)
interm 140/50 30s      i= 2 cond=4.1e+05 (3543 s)
interm 140/50 30s      i= 3 cond=2.2e+06 (3549 s)
interm 140/50 30s      i= 4 cond=1.56e+07 (3569 s)
interm 140/50 30s      i= 5 cond=3.61e+05 (3583 s)
interm 140/50 30s      i= 6 cond=1.51e+06 (3598 s)
interm 140/50 30s      i= 7 cond=4.49e+05 (3607 s)
interm 140/50 30s      i= 8 cond=6.3e+05 (3621 s)
interm 140/50 30s      i= 9 cond=2.96e+05 (3630 s)
interm 140/50 30s      i=10 cond=6.57e+05 (3638 s)
interm 140/50 30s      i=11 cond=4.93e+05 (3660 s)
interm 140/50 30s      i=12 cond=1.33e+06 (3669 s)
interm 140/50 30s      i=13 cond=2.93e+05 (3681 s)
interm 140/50 30s      i=14 cond=3.46e+05 (3692 s)
interm 140/80 60s      i= 0 cond=6.75e+06 (3698 s)
interm 140/80 60s      i= 1 cond=1.11e+07 (3704 s)
interm 140/80 60s      i= 2 cond=5.87e+06 (3709 s)
interm 140/80 60s      i= 3 cond=5.37e+08 (3711 s)
interm 140/80 60s      i= 4 cond=3.62e+06 (3717 s)
interm 140/80 60s      i= 5 cond=1.43e+07 (3723 s)
interm 140/80 60s      i= 6 cond=5.12e+06 (3729 s)
interm 140/80 60s      i= 7 cond=5.65e+06 (3735 s)
interm 140/80 60s      i= 8 cond=3.83e+07 (3741 s)
interm 140/80 60s      i= 9 cond=2.07e+06 (3747 s)
interm 140/80 60s      i=10 cond=3.63e+06 (3752 s)
interm 140/80 60s      i=11 cond=5.19e+07 (3758 s)
interm 140/80 60s      i=12 cond=2.01e+06 (3764 s)
interm 140/80 60s      i=13 cond=1.06e+07 (3770 s)
interm 140/80 60s      i=14 cond=8.87e+06 (3775 s)
interm 160/40 15s      i= 0 cond=2.24e+06 (3785 s)
interm 160/40 15s      i= 1 cond=2.85e+05 (3801 s)
interm 160/40 15s      i= 2 cond=5.85e+05 (3812 s)
interm 160/40 15s      i= 3 cond=3.09e+06 (3818 s)
interm 160/40 15s      i= 4 cond=1.62e+07 (3834 s)
interm 160/40 15s      i= 5 cond=6.44e+05 (3846 s)
interm 160/40 15s      i= 6 cond=1.57e+06 (3859 s)
interm 160/40 15s      i= 7 cond=5.75e+05 (3869 s)
interm 160/40 15s      i= 8 cond=1.4e+06 (3881 s)
interm 160/40 15s      i= 9 cond=3.46e+05 (3891 s)
interm 160/40 15s      i=10 cond=1.23e+06 (3899 s)
interm 160/40 15s      i=11 cond=9.73e+05 (3917 s)
interm 160/40 15s      i=12 cond=1.75e+06 (3925 s)
interm 160/40 15s      i=13 cond=5.34e+05 (3936 s)
interm 160/40 15s      i=14 cond=4e+05 (3949 s)
105 + interm120/60     i= 0 cond=2.87e+05 (3973 s)
105 + interm120/60     i= 1 cond=3.4e+04 (4063 s)
105 + interm120/60     i= 2 cond=7.23e+04 (4089 s)
105 + interm120/60     i= 3 cond=6.53e+05 (4103 s)
105 + interm120/60     i= 4 cond=6.94e+05 (4190 s)
105 + interm120/60     i= 5 cond=6.93e+04 (4221 s)
105 + interm120/60     i= 6 cond=1.75e+05 (4308 s)
105 + interm120/60     i= 7 cond=8.67e+04 (4548 s)
105 + interm120/60     i= 8 cond=1.22e+05 (5806 s)
105 + interm120/60     i= 9 cond=5.95e+04 (5825 s)
105 + interm120/60     i=10 cond=1.21e+05 (5847 s)
105 + interm120/60     i=11 cond=1.1e+05 (5933 s)
105 + interm120/60     i=12 cond=1.87e+05 (5953 s)
105 + interm120/60     i=13 cond=1.17e+05 (5975 s)
105 + interm120/60     i=14 cond=6.04e+04 (6006 s)
140 + interm120/60     i= 0 cond=6.85e+05 (6025 s)
140 + interm120/60     i= 1 cond=1.78e+05 (6107 s)
140 + interm120/60     i= 2 cond=2.34e+05 (6127 s)
140 + interm120/60     i= 3 cond=3.75e+06 (6136 s)
140 + interm120/60     i= 4 cond=3.89e+05 (6216 s)
140 + interm120/60     i= 5 cond=2.94e+05 (6239 s)
140 + interm120/60     i= 6 cond=2.51e+05 (6315 s)
140 + interm120/60     i= 7 cond=3.3e+05 (6329 s)
140 + interm120/60     i= 8 cond=4.54e+05 (6354 s)
140 + interm120/60     i= 9 cond=1.99e+05 (6367 s)
140 + interm120/60     i=10 cond=4.49e+05 (6380 s)
140 + interm120/60     i=11 cond=6.1e+05 (6454 s)
140 + interm120/60     i=12 cond=3.73e+05 (6468 s)
140 + interm120/60     i=13 cond=3.96e+05 (6483 s)
140 + interm120/60     i=14 cond=2.3e+05 (6504 s)
105 + 140 + interm     i= 0 cond=3.36e+05 (6526 s)
105 + 140 + interm     i= 1 cond=3.72e+04 (6617 s)
105 + 140 + interm     i= 2 cond=8.83e+04 (6645 s)
105 + 140 + interm     i= 3 cond=9.17e+05 (6661 s)
105 + 140 + interm     i= 4 cond=4.14e+05 (6749 s)
105 + 140 + interm     i= 5 cond=8.76e+04 (6783 s)
105 + 140 + interm     i= 6 cond=1.56e+05 (6868 s)
105 + 140 + interm     i= 7 cond=1.15e+05 (6891 s)
105 + 140 + interm     i= 8 cond=1.5e+05 (6924 s)
105 + 140 + interm     i= 9 cond=7.67e+04 (6946 s)
105 + 140 + interm     i=10 cond=1.56e+05 (6967 s)
105 + 140 + interm     i=11 cond=1.32e+05 (7053 s)
105 + 140 + interm     i=12 cond=2.17e+05 (7075 s)
105 + 140 + interm     i=13 cond=1.56e+05 (7100 s)
105 + 140 + interm     i=14 cond=7.68e+04 (7131 s)
TERMINE protocoles_v3
