80% 6 min (sous-critique seul)             i= 0 cond=4.54e+06  CRLB AOmax 24.2 MR 14.8  expo -0.61 (11 s)
80% 6 min (sous-critique seul)             i= 1 cond=6.15e+05  CRLB AOmax 8.5 MR 6.6  expo -0.77 (22 s)
80% 6 min (sous-critique seul)             i= 2 cond=8.81e+05  CRLB AOmax 9.0 MR 5.9  expo -0.65 (34 s)
80% 6 min (sous-critique seul)             i= 3 cond=6.08e+05  CRLB AOmax 8.9 MR 5.9  expo -0.65 (47 s)
80% 6 min (sous-critique seul)             i= 4 cond=1.07e+08  CRLB AOmax 125.1 MR 94.2  expo -0.75 (58 s)
80% 6 min (sous-critique seul)             i= 5 cond=9.41e+05  CRLB AOmax 10.0 MR 7.0  expo -0.70 (69 s)
80% 6 min (sous-critique seul)             i= 6 cond=5.52e+06  CRLB AOmax 29.3 MR 19.3  expo -0.66 (80 s)
80% 6 min (sous-critique seul)             i= 7 cond=3.08e+05  CRLB AOmax 5.5 MR 4.2  expo -0.75 (91 s)
80% 6 min (sous-critique seul)             i= 8 cond=1.55e+06  CRLB AOmax 11.8 MR 9.0  expo -0.76 (102 s)
80% 6 min (sous-critique seul)             i= 9 cond=3.46e+05  CRLB AOmax 5.6 MR 3.7  expo -0.66 (114 s)
80% 6 min (sous-critique seul)             i=10 cond=9.6e+05  CRLB AOmax 9.0 MR 5.6  expo -0.62 (126 s)
80% 6 min (sous-critique seul)             i=11 cond=3.13e+06  CRLB AOmax 14.9 MR 12.5  expo -0.83 (136 s)
80% 6 min (sous-critique seul)             i=12 cond=3.97e+06  CRLB AOmax 27.2 MR 16.6  expo -0.61 (148 s)
80% 6 min (sous-critique seul)             i=13 cond=3.88e+05  CRLB AOmax 6.9 MR 5.6  expo -0.80 (160 s)
80% 6 min (sous-critique seul)             i=14 cond=5.82e+05  CRLB AOmax 8.7 MR 6.2  expo -0.71 (171 s)
80% 6 min + 110%                           i= 0 cond=1.38e+06  CRLB AOmax 12.1 MR 8.7  expo -0.72 (186 s)
80% 6 min + 110%                           i= 1 cond=5.31e+05  CRLB AOmax 7.1 MR 5.8  expo -0.82 (202 s)
80% 6 min + 110%                           i= 2 cond=4.63e+05  CRLB AOmax 6.2 MR 4.5  expo -0.73 (217 s)
80% 6 min + 110%                           i= 3 cond=6.01e+05  CRLB AOmax 8.5 MR 5.9  expo -0.68 (232 s)
80% 6 min + 110%                           i= 4 cond=2.52e+06  CRLB AOmax 16.9 MR 15.4  expo -0.91 (248 s)
80% 6 min + 110%                           i= 5 cond=7.08e+05  CRLB AOmax 8.3 MR 6.3  expo -0.76 (264 s)
80% 6 min + 110%                           i= 6 cond=8.2e+05  CRLB AOmax 10.3 MR 8.3  expo -0.80 (279 s)
80% 6 min + 110%                           i= 7 cond=3.37e+05  CRLB AOmax 5.4 MR 4.2  expo -0.78 (294 s)
80% 6 min + 110%                           i= 8 cond=1.67e+06  CRLB AOmax 11.5 MR 9.0  expo -0.78 (309 s)
80% 6 min + 110%                           i= 9 cond=2.51e+05  CRLB AOmax 4.4 MR 3.2  expo -0.72 (324 s)
80% 6 min + 110%                           i=10 cond=5.65e+05  CRLB AOmax 6.4 MR 4.4  expo -0.69 (339 s)
80% 6 min + 110%                           i=11 cond=3.68e+06  CRLB AOmax 15.0 MR 12.7  expo -0.84 (354 s)
80% 6 min + 110%                           i=12 cond=9.54e+05  CRLB AOmax 12.4 MR 9.1  expo -0.73 (370 s)
80% 6 min + 110%                           i=13 cond=4.6e+05  CRLB AOmax 7.3 MR 6.0  expo -0.82 (385 s)
80% 6 min + 110%                           i=14 cond=4.81e+05  CRLB AOmax 7.5 MR 5.7  expo -0.76 (401 s)
110% 90 s + repos 3 min + 110%             i= 0 cond=5.03e+05  CRLB AOmax 7.3 MR 7.3  expo -1.00 (415 s)
110% 90 s + repos 3 min + 110%             i= 1 cond=1.32e+05  CRLB AOmax 3.4 MR 3.8  expo -1.10 (431 s)
110% 90 s + repos 3 min + 110%             i= 2 cond=1.7e+05  CRLB AOmax 3.7 MR 3.8  expo -1.01 (448 s)
110% 90 s + repos 3 min + 110%             i= 3 cond=2.11e+05  CRLB AOmax 5.4 MR 5.2  expo -0.94 (461 s)
110% 90 s + repos 3 min + 110%             i= 4 cond=7.83e+05  CRLB AOmax 10.1 MR 9.4  expo -0.92 (478 s)
110% 90 s + repos 3 min + 110%             i= 5 cond=1.83e+05  CRLB AOmax 4.1 MR 4.3  expo -1.05 (493 s)
110% 90 s + repos 3 min + 110%             i= 6 cond=3.11e+05  CRLB AOmax 6.7 MR 6.2  expo -0.93 (509 s)
110% 90 s + repos 3 min + 110%             i= 7 cond=1.05e+05  CRLB AOmax 3.1 MR 3.3  expo -1.06 (523 s)
110% 90 s + repos 3 min + 110%             i= 8 cond=2.96e+05  CRLB AOmax 4.9 MR 5.2  expo -1.07 (538 s)
110% 90 s + repos 3 min + 110%             i= 9 cond=1.07e+05  CRLB AOmax 2.8 MR 3.0  expo -1.06 (552 s)
110% 90 s + repos 3 min + 110%             i=10 cond=2.2e+05  CRLB AOmax 3.9 MR 4.0  expo -1.04 (565 s)
110% 90 s + repos 3 min + 110%             i=11 cond=4.48e+05  CRLB AOmax 5.0 MR 5.9  expo -1.18 (581 s)
110% 90 s + repos 3 min + 110%             i=12 cond=3.83e+05  CRLB AOmax 8.0 MR 8.0  expo -1.00 (595 s)
110% 90 s + repos 3 min + 110%             i=13 cond=1.23e+05  CRLB AOmax 3.9 MR 4.2  expo -1.09 (611 s)
110% 90 s + repos 3 min + 110%             i=14 cond=1.39e+05  CRLB AOmax 4.0 MR 4.3  expo -1.06 (628 s)
110% 90 s + repos 5 min (recuperation)     i= 0 cond=8.24e+05  CRLB AOmax 7.6 MR 12.6  expo -2.26 (638 s)
110% 90 s + repos 5 min (recuperation)     i= 1 cond=5.89e+05  CRLB AOmax 8.6 MR 10.8  expo -3.48 (649 s)
110% 90 s + repos 5 min (recuperation)     i= 2 cond=4.31e+05  CRLB AOmax 5.1 MR 8.2  expo -3.67 (659 s)
110% 90 s + repos 5 min (recuperation)     i= 3 cond=7.48e+05  CRLB AOmax 8.3 MR 13.9  expo -3.49 (670 s)
110% 90 s + repos 5 min (recuperation)     i= 4 cond=1.39e+06  CRLB AOmax 11.6 MR 14.6  expo -1.30 (681 s)
110% 90 s + repos 5 min (recuperation)     i= 5 cond=6.55e+05  CRLB AOmax 8.3 MR 11.1  expo -3.91 (691 s)
110% 90 s + repos 5 min (recuperation)     i= 6 cond=6.02e+05  CRLB AOmax 7.4 MR 11.7  expo -1.90 (702 s)
110% 90 s + repos 5 min (recuperation)     i= 7 cond=5.33e+05  CRLB AOmax 6.6 MR 10.2  expo -4.40 (712 s)
110% 90 s + repos 5 min (recuperation)     i= 8 cond=1.5e+06  CRLB AOmax 13.9 MR 16.2  expo -2.39 (722 s)
110% 90 s + repos 5 min (recuperation)     i= 9 cond=2.95e+05  CRLB AOmax 3.7 MR 6.7  expo -3.79 (733 s)
110% 90 s + repos 5 min (recuperation)     i=10 cond=4.64e+05  CRLB AOmax 4.6 MR 7.9  expo -3.28 (743 s)
110% 90 s + repos 5 min (recuperation)     i=11 cond=2.52e+06  CRLB AOmax 16.7 MR 18.8  expo -2.08 (753 s)
110% 90 s + repos 5 min (recuperation)     i=12 cond=5.59e+05  CRLB AOmax 7.6 MR 12.5  expo -1.88 (764 s)
110% 90 s + repos 5 min (recuperation)     i=13 cond=7.25e+05  CRLB AOmax 9.9 MR 13.7  expo -3.92 (775 s)
110% 90 s + repos 5 min (recuperation)     i=14 cond=5.12e+05  CRLB AOmax 8.0 MR 11.3  expo -4.67 (785 s)
sprints 150% 30 s, repos 30/60/120/240 s   i= 0 cond=3.35e+05  CRLB AOmax 7.4 MR 5.5  expo -0.67 (805 s)
sprints 150% 30 s, repos 30/60/120/240 s   i= 1 cond=1.4e+05  CRLB AOmax 5.0 MR 3.4  expo -0.60 (825 s)
sprints 150% 30 s, repos 30/60/120/240 s   i= 2 cond=1.35e+05  CRLB AOmax 4.2 MR 3.0  expo -0.62 (844 s)
sprints 150% 30 s, repos 30/60/120/240 s   i= 3 cond=1.79e+05  CRLB AOmax 6.1 MR 4.5  expo -0.66 (865 s)
sprints 150% 30 s, repos 30/60/120/240 s   i= 4 cond=4.45e+05  CRLB AOmax 7.5 MR 8.7  expo -1.19 (885 s)
sprints 150% 30 s, repos 30/60/120/240 s   i= 5 cond=1.98e+05  CRLB AOmax 5.6 MR 3.8  expo -0.57 (905 s)
sprints 150% 30 s, repos 30/60/120/240 s   i= 6 cond=1.75e+05  CRLB AOmax 5.9 MR 5.3  expo -0.86 (1033 s)
sprints 150% 30 s, repos 30/60/120/240 s   i= 7 cond=1.03e+05  CRLB AOmax 4.0 MR 2.9  expo -0.65 (1053 s)
sprints 150% 30 s, repos 30/60/120/240 s   i= 8 cond=4.05e+05  CRLB AOmax 7.9 MR 5.0  expo -0.54 (1074 s)
sprints 150% 30 s, repos 30/60/120/240 s   i= 9 cond=8.13e+04  CRLB AOmax 3.2 MR 2.3  expo -0.65 (1096 s)
sprints 150% 30 s, repos 30/60/120/240 s   i=10 cond=1.63e+05  CRLB AOmax 4.4 MR 3.1  expo -0.63 (1115 s)
sprints 150% 30 s, repos 30/60/120/240 s   i=11 cond=6.27e+05  CRLB AOmax 8.6 MR 5.3  expo -0.54 (1134 s)
sprints 150% 30 s, repos 30/60/120/240 s   i=12 cond=2.13e+05  CRLB AOmax 7.1 MR 5.4  expo -0.70 (1154 s)
sprints 150% 30 s, repos 30/60/120/240 s   i=13 cond=1.32e+05  CRLB AOmax 5.4 MR 3.8  expo -0.63 (1176 s)
sprints 150% 30 s, repos 30/60/120/240 s   i=14 cond=1.42e+05  CRLB AOmax 5.5 MR 3.8  expo -0.59 (1197 s)
A + B + 80% 6 min                          i= 0 cond=2.01e+05  CRLB AOmax 4.5 MR 3.8  expo -0.82 (1223 s)
A + B + 80% 6 min                          i= 1 cond=4.75e+04  CRLB AOmax 2.1 MR 1.7  expo -0.79 (1263 s)
A + B + 80% 6 min                          i= 2 cond=7.21e+04  CRLB AOmax 2.2 MR 1.8  expo -0.81 (1293 s)
A + B + 80% 6 min                          i= 3 cond=1.36e+05  CRLB AOmax 3.9 MR 2.9  expo -0.71 (1316 s)
A + B + 80% 6 min                          i= 4 cond=6.72e+05  CRLB AOmax 8.3 MR 7.7  expo -0.92 (1358 s)
A + B + 80% 6 min                          i= 5 cond=9.28e+04  CRLB AOmax 2.7 MR 2.4  expo -0.86 (1389 s)
A + B + 80% 6 min                          i= 6 cond=1.69e+05  CRLB AOmax 4.4 MR 3.8  expo -0.85 (1423 s)
A + B + 80% 6 min                          i= 7 cond=5.59e+04  CRLB AOmax 2.1 MR 1.9  expo -0.89 (1451 s)
A + B + 80% 6 min                          i= 8 cond=1.88e+05  CRLB AOmax 3.6 MR 3.3  expo -0.91 (1483 s)
A + B + 80% 6 min                          i= 9 cond=3.86e+04  CRLB AOmax 1.7 MR 1.4  expo -0.82 (1509 s)
A + B + 80% 6 min                          i=10 cond=8.31e+04  CRLB AOmax 2.3 MR 1.8  expo -0.78 (1534 s)
A + B + 80% 6 min                          i=11 cond=1.68e+09  CRLB AOmax 2.5 MR 2.4  expo -0.97 (1577 s)
A + B + 80% 6 min                          i=12 cond=1.4e+05  CRLB AOmax 4.6 MR 3.8  expo -0.81 (1603 s)
A + B + 80% 6 min                          i=13 cond=6.69e+04  CRLB AOmax 2.6 MR 2.5  expo -0.96 (1633 s)
A + B + 80% 6 min                          i=14 cond=6.57e+04  CRLB AOmax 2.6 MR 2.3  expo -0.85 (1665 s)
A + B + repos 3 min                        i= 0 cond=4.31e+05  CRLB AOmax 6.4 MR 5.8  expo -0.90 (1693 s)
A + B + repos 3 min                        i= 1 cond=4.2e+04  CRLB AOmax 2.0 MR 1.6  expo -0.78 (1738 s)
A + B + repos 3 min                        i= 2 cond=8.87e+04  CRLB AOmax 2.5 MR 2.1  expo -0.80 (1775 s)
A + B + repos 3 min                        i= 3 cond=2.96e+05  CRLB AOmax 4.7 MR 5.8  expo -1.26 (1799 s)
A + B + repos 3 min                        i= 4 cond=5.89e+05  CRLB AOmax 8.1 MR 7.0  expo -0.86 (1847 s)
A + B + repos 3 min                        i= 5 cond=1.05e+05  CRLB AOmax 3.0 MR 2.6  expo -0.87 (1884 s)
A + B + repos 3 min                        i= 6 cond=1.78e+05  CRLB AOmax 4.8 MR 3.8  expo -0.78 (1922 s)
A + B + repos 3 min                        i= 7 cond=7.62e+04  CRLB AOmax 2.3 MR 2.4  expo -1.01 (1953 s)
A + B + repos 3 min                        i= 8 cond=1.78e+05  CRLB AOmax 3.6 MR 3.4  expo -0.94 (1989 s)
A + B + repos 3 min                        i= 9 cond=9.5e+04  CRLB AOmax 2.4 MR 2.4  expo -1.01 (2017 s)
A + B + repos 3 min                        i=10 cond=1.96e+05  CRLB AOmax 3.3 MR 3.1  expo -0.94 (2044 s)
A + B + repos 3 min                        i=11 cond=1.41e+09  CRLB AOmax 2.2 MR 2.2  expo -0.97 (2093 s)
A + B + repos 3 min                        i=12 cond=2.71e+05  CRLB AOmax 6.5 MR 5.5  expo -0.84 (2121 s)
A + B + repos 3 min                        i=13 cond=8.13e+04  CRLB AOmax 2.8 MR 3.0  expo -1.09 (2156 s)
A + B + repos 3 min                        i=14 cond=7.53e+04  CRLB AOmax 2.9 MR 2.5  expo -0.87 (2192 s)
TERMINE protocoles_extra_v5
