i=0 k= 4  err%=[0.15, 0.11, 0.05, 1.42, 0.11]  (53 s)
i=0 k=10  err%=[0.79, 9.16, 0.04, 6.22, 0.19]  (106 s)
i=0 k=16  err%=[0.05, 4.73, 0.08, 3.13, 0.17]  (164 s)
i=1 k= 2  err%=[0.18, 1.72, 0.07, 1.49, 0.19]  (256 s)
i=1 k= 8  err%=[0.04, 1.33, 0.07, 1.58, 0.05]  (358 s)
i=1 k=14  err%=[0.57, 0.6, 0.14, 0.3, 0.48]  (451 s)
i=2 k= 0  err%=[0.15, 1.08, 0.01, 0.97, 0.05]  (527 s)
i=2 k= 6  err%=[1.07, 5.65, 0.05, 3.23, 0.4]  (596 s)
i=2 k=12  err%=[0.05, 2.45, 0.01, 2.85, 0.03]  (668 s)
i=2 k=18  err%=[0.22, 0.74, 0.0, 0.75, 0.13]  (744 s)
i=3 k= 4  err%=[0.15, 7.17, 0.14, 9.5, 0.28]  (782 s)
i=3 k=10  err%=[0.39, 8.75, 0.01, 10.31, 0.14]  (823 s)
i=3 k=16  err%=[0.09, 1.28, 0.0, 4.08, 0.03]  (861 s)
i=4 k= 2  err%=[0.5, 5.01, 0.01, 6.33, 0.22]  (1022 s)
i=4 k= 8  err%=[0.23, 12.39, 0.12, 11.38, 0.29]  (1152 s)
i=4 k=14  err%=[0.22, 0.2, 0.02, 0.51, 0.05]  (1287 s)
i=5 k= 0  err%=[0.09, 3.1, 0.03, 3.39, 0.03]  (1376 s)
i=5 k= 6  err%=[0.8, 5.93, 0.07, 4.36, 0.34]  (1466 s)
i=5 k=12  err%=[0.58, 2.42, 0.01, 1.6, 0.26]  (1555 s)
i=5 k=18  err%=[0.08, 3.19, 0.07, 2.9, 0.19]  (1652 s)
i=6 k= 4  err%=[0.04, 0.13, 0.04, 0.06, 0.03]  (1754 s)
i=6 k=10  err%=[0.52, 1.77, 0.14, 1.24, 0.33]  (1833 s)
i=6 k=16  err%=[0.59, 4.34, 0.03, 2.95, 0.19]  (1906 s)
i=7 k= 2  err%=[0.26, 0.31, 0.0, 1.49, 0.18]  (1978 s)
i=7 k= 8  err%=[0.13, 0.61, 0.01, 1.25, 0.11]  (2047 s)
i=7 k=14  err%=[0.39, 2.99, 0.06, 3.08, 0.2]  (2112 s)
TERMINE rep_lm shard 4
