i=0 k= 5  err%=[0.11, 0.33, 0.04, 0.45, 0.13]  (55 s)
i=0 k=11  err%=[0.1, 7.39, 0.06, 6.45, 0.09]  (106 s)
i=0 k=17  err%=[0.51, 1.83, 0.11, 1.72, 0.32]  (162 s)
i=1 k= 3  err%=[0.51, 2.47, 0.04, 2.73, 0.41]  (258 s)
i=1 k= 9  err%=[0.25, 0.51, 0.05, 0.16, 0.08]  (349 s)
i=1 k=15  err%=[0.62, 0.27, 0.11, 0.95, 0.42]  (438 s)
i=2 k= 1  err%=[0.46, 1.89, 0.05, 0.37, 0.13]  (506 s)
i=2 k= 7  err%=[0.88, 5.23, 0.01, 2.98, 0.3]  (576 s)
i=2 k=13  err%=[0.08, 0.27, 0.03, 0.12, 0.05]  (654 s)
i=2 k=19  err%=[0.17, 1.32, 0.05, 0.22, 0.01]  (723 s)
i=3 k= 5  err%=[1.01, 18.75, 0.06, 17.91, 0.4]  (762 s)
i=3 k=11  err%=[0.17, 7.49, 0.07, 12.28, 0.01]  (802 s)
i=3 k=17  err%=[0.12, 12.75, 0.09, 22.03, 0.14]  (839 s)
i=4 k= 3  err%=[1.08, 12.2, 0.09, 6.22, 0.01]  (968 s)
i=4 k= 9  err%=[0.06, 1.61, 0.0, 1.5, 0.02]  (1103 s)
i=4 k=15  err%=[0.82, 0.95, 0.01, 1.08, 0.27]  (1235 s)
i=5 k= 1  err%=[0.85, 0.53, 0.08, 1.7, 0.47]  (1313 s)
i=5 k= 7  err%=[1.29, 7.58, 0.04, 4.87, 0.51]  (1402 s)
i=5 k=13  err%=[0.58, 7.21, 0.05, 5.16, 0.09]  (1478 s)
i=5 k=19  err%=[0.37, 0.03, 0.03, 1.11, 0.21]  (1562 s)
i=6 k= 5  err%=[0.42, 4.98, 0.01, 5.2, 0.34]  (1649 s)
i=6 k=11  err%=[0.11, 5.33, 0.07, 3.78, 0.14]  (1732 s)
i=6 k=17  err%=[0.44, 3.27, 0.02, 4.47, 0.22]  (1812 s)
i=7 k= 3  err%=[0.04, 1.17, 0.07, 2.19, 0.05]  (1878 s)
i=7 k= 9  err%=[0.13, 0.37, 0.06, 0.63, 0.07]  (1943 s)
i=7 k=15  err%=[0.05, 0.54, 0.04, 0.71, 0.04]  (2007 s)
TERMINE rep_lm shard 5
