i=0 k= 2  err%=[1.01, 7.04, 0.02, 2.16, 0.36]  (56 s)
i=0 k= 8  err%=[0.91, 13.46, 0.06, 11.86, 0.25]  (111 s)
i=0 k=14  err%=[0.93, 11.72, 0.0, 7.5, 0.3]  (165 s)
i=1 k= 0  err%=[0.36, 1.16, 0.03, 0.39, 0.15]  (265 s)
i=1 k= 6  err%=[1.09, 3.47, 0.06, 2.21, 0.55]  (363 s)
i=1 k=12  err%=[0.33, 2.33, 0.01, 1.77, 0.11]  (453 s)
i=1 k=18  err%=[0.43, 2.52, 0.0, 2.09, 0.17]  (532 s)
i=2 k= 4  err%=[0.8, 1.01, 0.09, 0.59, 0.42]  (615 s)
i=2 k=10  err%=[0.17, 0.14, 0.01, 0.48, 0.09]  (691 s)
i=2 k=16  err%=[0.5, 1.15, 0.05, 0.44, 0.19]  (774 s)
i=3 k= 2  err%=[0.51, 9.26, 0.07, 12.65, 0.27]  (812 s)
i=3 k= 8  err%=[0.08, 6.17, 0.02, 12.36, 0.12]  (850 s)
i=3 k=14  err%=[0.25, 0.24, 0.1, 0.85, 0.21]  (889 s)
i=4 k= 0  err%=[0.19, 20.86, 0.11, 14.78, 0.42]  (1049 s)
i=4 k= 6  err%=[0.22, 5.11, 0.01, 3.71, 0.07]  (1178 s)
i=4 k=12  err%=[0.53, 4.96, 0.0, 3.45, 0.16]  (1316 s)
i=4 k=18  err%=[0.3, 2.57, 0.05, 2.62, 0.23]  (1494 s)
i=5 k= 4  err%=[0.41, 0.39, 0.13, 0.36, 0.32]  (1571 s)
i=5 k=10  err%=[0.53, 4.7, 0.07, 2.51, 0.1]  (1658 s)
i=5 k=16  err%=[0.19, 6.43, 0.04, 5.85, 0.09]  (1735 s)
i=6 k= 2  err%=[0.27, 2.3, 0.04, 0.6, 0.02]  (1818 s)
i=6 k= 8  err%=[0.32, 2.49, 0.06, 1.48, 0.1]  (1910 s)
i=6 k=14  err%=[0.68, 0.18, 0.12, 0.38, 0.43]  (2005 s)
i=7 k= 0  err%=[0.06, 3.19, 0.12, 3.5, 0.21]  (2062 s)
i=7 k= 6  err%=[0.12, 1.15, 0.03, 1.95, 0.05]  (2125 s)
i=7 k=12  err%=[0.45, 1.22, 0.06, 0.31, 0.28]  (2177 s)
i=7 k=18  err%=[0.1, 1.38, 0.04, 1.76, 0.13]  (2237 s)
TERMINE rep_lm shard 2
