i=0 k= 0  err%=[0.23, 4.68, 0.04, 4.57, 0.25]  (58 s)
i=0 k= 6  err%=[0.37, 1.74, 0.01, 0.95, 0.11]  (115 s)
i=0 k=12  err%=[1.46, 11.16, 0.1, 5.06, 0.6]  (165 s)
i=0 k=18  err%=[0.14, 7.68, 0.01, 8.44, 0.04]  (226 s)
i=1 k= 4  err%=[0.3, 1.55, 0.0, 0.8, 0.11]  (337 s)
i=1 k=10  err%=[0.64, 1.7, 0.05, 0.89, 0.33]  (441 s)
i=1 k=16  err%=[0.79, 5.12, 0.0, 3.51, 0.19]  (526 s)
i=2 k= 2  err%=[0.42, 1.75, 0.03, 0.88, 0.19]  (607 s)
i=2 k= 8  err%=[0.46, 0.12, 0.03, 0.63, 0.27]  (689 s)
i=2 k=14  err%=[0.73, 4.96, 0.01, 3.55, 0.23]  (752 s)
i=3 k= 0  err%=[0.36, 6.75, 0.02, 7.07, 0.07]  (792 s)
i=3 k= 6  err%=[0.4, 3.58, 0.05, 4.82, 0.23]  (827 s)
i=3 k=12  err%=[0.49, 0.23, 0.12, 1.89, 0.37]  (865 s)
i=3 k=18  err%=[0.14, 1.36, 0.05, 0.88, 0.06]  (904 s)
i=4 k= 4  err%=[0.52, 0.66, 0.06, 2.47, 0.1]  (1062 s)
i=4 k=10  err%=[0.42, 3.91, 0.02, 2.61, 0.08]  (1210 s)
i=4 k=16  err%=[0.05, 3.04, 0.09, 2.1, 0.19]  (1374 s)
i=5 k= 2  err%=[0.55, 0.44, 0.12, 0.0, 0.4]  (1460 s)
i=5 k= 8  err%=[0.57, 5.71, 0.0, 3.89, 0.16]  (1552 s)
i=5 k=14  err%=[0.03, 3.46, 0.07, 2.59, 0.18]  (1650 s)
i=6 k= 0  err%=[0.53, 11.37, 0.1, 9.68, 0.16]  (1742 s)
i=6 k= 6  err%=[0.76, 8.89, 0.05, 6.61, 0.18]  (1828 s)
i=6 k=12  err%=[0.57, 0.99, 0.06, 0.23, 0.26]  (1918 s)
i=6 k=18  err%=[0.25, 5.64, 0.12, 4.54, 0.45]  (2030 s)
i=7 k= 4  err%=[0.17, 2.12, 0.04, 1.45, 0.01]  (2097 s)
i=7 k=10  err%=[0.34, 3.05, 0.09, 3.63, 0.16]  (2148 s)
i=7 k=16  err%=[0.26, 2.16, 0.02, 2.84, 0.13]  (2213 s)
TERMINE rep_lm shard 0
