i=0 k= 1  err%=[0.65, 8.12, 0.0, 5.1, 0.13]  (56 s)
i=0 k= 7  err%=[0.31, 5.38, 0.0, 3.56, 0.05]  (111 s)
i=0 k=13  err%=[0.98, 5.36, 0.07, 0.84, 0.38]  (165 s)
i=0 k=19  err%=[0.5, 13.09, 0.13, 14.15, 0.48]  (224 s)
i=1 k= 5  err%=[0.15, 2.91, 0.07, 2.63, 0.03]  (308 s)
i=1 k=11  err%=[0.3, 1.55, 0.04, 1.43, 0.29]  (386 s)
i=1 k=17  err%=[0.73, 5.92, 0.03, 4.34, 0.19]  (468 s)
i=2 k= 3  err%=[0.58, 3.49, 0.05, 1.4, 0.15]  (537 s)
i=2 k= 9  err%=[0.44, 2.68, 0.03, 1.26, 0.14]  (614 s)
i=2 k=15  err%=[0.44, 1.47, 0.05, 0.1, 0.1]  (687 s)
i=3 k= 1  err%=[0.18, 9.82, 0.07, 13.34, 0.1]  (725 s)
i=3 k= 7  err%=[0.2, 2.56, 0.12, 4.81, 0.19]  (765 s)
i=3 k=13  err%=[0.13, 2.03, 0.01, 0.2, 0.01]  (801 s)
i=3 k=19  err%=[0.34, 2.72, 0.03, 0.83, 0.09]  (837 s)
i=4 k= 5  err%=[0.68, 7.07, 0.01, 4.42, 0.13]  (993 s)
i=4 k=11  err%=[0.05, 11.81, 0.06, 9.42, 0.32]  (1125 s)
i=4 k=17  err%=[0.86, 5.72, 0.01, 3.06, 0.19]  (1247 s)
i=5 k= 3  err%=[0.06, 0.78, 0.03, 1.2, 0.06]  (1325 s)
i=5 k= 9  err%=[0.56, 1.31, 0.04, 0.38, 0.28]  (1410 s)
i=5 k=15  err%=[0.52, 2.71, 0.01, 0.92, 0.2]  (1507 s)
i=6 k= 1  err%=[1.4, 1.9, 0.04, 4.5, 0.71]  (1593 s)
i=6 k= 7  err%=[0.61, 1.63, 0.04, 3.08, 0.32]  (1697 s)
i=6 k=13  err%=[0.92, 7.15, 0.12, 2.92, 0.1]  (1783 s)
i=6 k=19  err%=[0.1, 1.69, 0.03, 1.39, 0.02]  (1867 s)
i=7 k= 5  err%=[0.18, 1.8, 0.06, 2.09, 0.21]  (1940 s)
i=7 k=11  err%=[0.28, 3.78, 0.03, 3.31, 0.02]  (2003 s)
i=7 k=17  err%=[0.44, 3.31, 0.01, 3.07, 0.15]  (2071 s)
TERMINE rep_lm shard 1
