i=0 k= 3  err%=[0.12, 0.03, 0.05, 0.34, 0.12]  (55 s)
i=0 k= 9  err%=[0.64, 4.6, 0.02, 2.71, 0.27]  (112 s)
i=0 k=15  err%=[1.18, 16.52, 0.01, 10.42, 0.35]  (164 s)
i=1 k= 1  err%=[0.47, 2.25, 0.13, 1.86, 0.28]  (258 s)
i=1 k= 7  err%=[0.62, 4.02, 0.02, 2.61, 0.14]  (359 s)
i=1 k=13  err%=[0.59, 3.24, 0.01, 2.41, 0.18]  (441 s)
i=1 k=19  err%=[0.57, 1.51, 0.02, 0.76, 0.28]  (543 s)
i=2 k= 5  err%=[0.5, 1.28, 0.0, 0.14, 0.22]  (625 s)
i=2 k=11  err%=[0.48, 1.72, 0.04, 1.15, 0.24]  (696 s)
i=2 k=17  err%=[0.41, 0.53, 0.1, 0.66, 0.33]  (768 s)
i=3 k= 3  err%=[0.14, 1.04, 0.0, 0.75, 0.05]  (807 s)
i=3 k= 9  err%=[0.14, 7.4, 0.08, 12.45, 0.04]  (841 s)
i=3 k=15  err%=[0.46, 11.46, 0.01, 14.68, 0.14]  (880 s)
i=4 k= 1  err%=[0.85, 9.55, 0.04, 7.1, 0.07]  (1034 s)
i=4 k= 7  err%=[0.7, 2.26, 0.02, 4.61, 0.22]  (1164 s)
i=4 k=13  err%=[0.59, 12.01, 0.04, 11.05, 0.03]  (1301 s)
i=4 k=19  err%=[0.89, 10.65, 0.08, 10.14, 0.61]  (1450 s)
i=5 k= 5  err%=[0.13, 0.04, 0.04, 0.12, 0.11]  (1532 s)
i=5 k=11  err%=[0.26, 3.15, 0.02, 1.97, 0.01]  (1619 s)
i=5 k=17  err%=[0.14, 9.28, 0.13, 7.38, 0.3]  (1725 s)
i=6 k= 3  err%=[0.73, 5.42, 0.0, 2.86, 0.15]  (1797 s)
i=6 k= 9  err%=[0.58, 3.75, 0.0, 1.41, 0.11]  (1891 s)
i=6 k=15  err%=[0.31, 0.89, 0.0, 0.27, 0.15]  (1984 s)
i=7 k= 1  err%=[0.26, 2.58, 0.01, 2.12, 0.03]  (2043 s)
i=7 k= 7  err%=[0.08, 0.33, 0.03, 0.32, 0.06]  (2104 s)
i=7 k=13  err%=[0.41, 3.77, 0.02, 3.02, 0.13]  (2155 s)
i=7 k=19  err%=[0.14, 0.14, 0.01, 1.92, 0.02]  (2225 s)
TERMINE rep_lm shard 3
