const 105%                 LM       vrai censure  0  predit  0  les deux  0  l'un  0 | erreur med Table5 0.17  hors censure 0.17  horizon 36000 s 0.17 (censures 0/0)
const 105%                 DE       vrai censure  0  predit  1  les deux  0  l'un  1 | erreur med Table5 3.36  hors censure 3.30  horizon 36000 s 3.36 (censures 0/1)
const 105%                 PINN     vrai censure  0  predit  5  les deux  0  l'un  5 | erreur med Table5 41.32  hors censure 31.59  horizon 36000 s 41.32 (censures 0/5)
const 105%                 PINN_v4  vrai censure  0  predit  2  les deux  0  l'un  2 | erreur med Table5 4.83  hors censure 4.76  horizon 36000 s 4.83 (censures 0/2)
const 125%                 LM       vrai censure  0  predit  0  les deux  0  l'un  0 | erreur med Table5 0.05  hors censure 0.05  horizon 36000 s 0.05 (censures 0/0)
const 125%                 DE       vrai censure  0  predit  0  les deux  0  l'un  0 | erreur med Table5 1.65  hors censure 1.65  horizon 36000 s 1.65 (censures 0/0)
const 125%                 PINN     vrai censure  0  predit  0  les deux  0  l'un  0 | erreur med Table5 38.89  hors censure 38.89  horizon 36000 s 38.89 (censures 0/0)
const 125%                 PINN_v4  vrai censure  0  predit  0  les deux  0  l'un  0 | erreur med Table5 1.10  hors censure 1.10  horizon 36000 s 1.10 (censures 0/0)
const 150%                 LM       vrai censure  0  predit  0  les deux  0  l'un  0 | erreur med Table5 0.05  hors censure 0.05  horizon 36000 s 0.05 (censures 0/0)
const 150%                 DE       vrai censure  0  predit  0  les deux  0  l'un  0 | erreur med Table5 1.59  hors censure 1.59  horizon 36000 s 1.59 (censures 0/0)
const 150%                 PINN     vrai censure  0  predit  0  les deux  0  l'un  0 | erreur med Table5 40.85  hors censure 40.85  horizon 36000 s 40.85 (censures 0/0)
const 150%                 PINN_v4  vrai censure  0  predit  0  les deux  0  l'un  0 | erreur med Table5 1.20  hors censure 1.20  horizon 36000 s 1.20 (censures 0/0)
interm 120/60 60s          LM       vrai censure 19  predit 20  les deux 19  l'un 20 | erreur med Table5 0.03  hors censure 0.08  horizon 36000 s 0.03 (censures 19/20)
interm 120/60 60s          DE       vrai censure 19  predit 18  les deux 15  l'un 22 | erreur med Table5 0.42  hors censure 0.64  horizon 36000 s 0.42 (censures 19/18)
interm 120/60 60s          PINN     vrai censure 19  predit 31  les deux 18  l'un 32 | erreur med Table5 2.59  hors censure 3.98  horizon 36000 s 2.59 (censures 19/31)
interm 120/60 60s          PINN_v4  vrai censure 19  predit 21  les deux 17  l'un 23 | erreur med Table5 0.41  hors censure 0.85  horizon 36000 s 0.41 (censures 19/21)
recuperation 120/60/120    LM       vrai censure  0  predit  0  les deux  0  l'un  0 | erreur med Table5 0.04  hors censure 0.04  horizon 36000 s 0.04 (censures 0/0)
recuperation 120/60/120    DE       vrai censure  0  predit  0  les deux  0  l'un  0 | erreur med Table5 0.58  hors censure 0.58  horizon 36000 s 0.58 (censures 0/0)
recuperation 120/60/120    PINN     vrai censure  0  predit  0  les deux  0  l'un  0 | erreur med Table5 21.95  hors censure 21.95  horizon 36000 s 21.95 (censures 0/0)
recuperation 120/60/120    PINN_v4  vrai censure  0  predit  0  les deux  0  l'un  0 | erreur med Table5 0.60  hors censure 0.60  horizon 36000 s 0.60 (censures 0/0)
