<repo>/campaign_v5/complements_v4/pipeline_v4.py:78: UserWarning: Converting a tensor with requires_grad=True to a scalar may lead to unexpected behavior.
Consider using tensor.detach() first. (Triggered internally at /Users/runner/work/pytorch/pytorch/pytorch/torch/csrc/autograd/generated/python_variable_methods.cpp:837.)
  if parts: return float(ld), float(lr_), float(li)
i= 0 w_r=0.10 err%=[5.0, 18.0, 0.6, 27.8, 3.1] (44 s)
i= 0 w_r=3.00 err%=[8.2, 115.4, 0.2, 21.4, 3.1] (80 s)
i= 1 w_r=0.30 err%=[3.5, 36.3, 2.9, 0.7, 6.5] (116 s)
i= 2 w_r=0.03 err%=[0.8, 14.9, 0.1, 19.0, 0.4] (151 s)
i= 2 w_r=1.00 err%=[8.7, 103.3, 1.6, 6.6, 0.5] (186 s)
i= 3 w_r=0.10 err%=[3.5, 29.1, 0.3, 41.8, 1.7] (222 s)
i= 3 w_r=3.00 err%=[0.4, 1.2, 0.7, 60.2, 0.9] (257 s)
i= 4 w_r=0.30 err%=[13.9, 462.2, 0.4, 59.3, 2.5] (292 s)
i= 5 w_r=0.03 err%=[0.1, 14.8, 0.1, 20.0, 0.6] (328 s)
i= 5 w_r=1.00 err%=[10.9, 44.0, 0.2, 35.9, 5.0] (364 s)
i= 6 w_r=0.10 err%=[14.0, 85.9, 2.0, 48.7, 9.9] (407 s)
i= 6 w_r=3.00 err%=[9.9, 289.0, 2.2, 44.5, 0.3] (448 s)
i= 7 w_r=0.30 err%=[5.3, 2.3, 0.2, 39.8, 2.9] (489 s)
i= 8 w_r=0.03 err%=[0.3, 42.6, 0.3, 73.6, 1.3] (524 s)
i= 8 w_r=1.00 err%=[8.4, 6.4, 0.8, 79.3, 5.3] (560 s)
i= 9 w_r=0.10 err%=[1.7, 11.8, 0.3, 16.6, 1.5] (595 s)
i= 9 w_r=3.00 err%=[4.5, 115.3, 3.2, 33.8, 4.2] (634 s)
i=10 w_r=0.30 err%=[14.9, 58.4, 1.1, 60.5, 8.3] (672 s)
i=11 w_r=0.03 err%=[0.4, 39.8, 0.4, 48.8, 1.5] (707 s)
i=11 w_r=1.00 err%=[2.0, 2.8, 2.6, 87.8, 2.7] (741 s)
i=12 w_r=0.10 err%=[5.3, 54.4, 0.7, 43.1, 3.8] (862 s)
i=12 w_r=3.00 err%=[0.2, 209.1, 2.7, 37.1, 5.4] (899 s)
i=13 w_r=0.30 err%=[7.6, 15.9, 1.6, 25.3, 5.3] (935 s)
i=14 w_r=0.03 err%=[4.1, 11.0, 0.3, 28.2, 2.6] (973 s)
i=14 w_r=1.00 err%=[19.0, 47.8, 1.8, 44.0, 12.3] (1009 s)
TERMINE wr_sweep shard 1
