<repo>/campaign_v5/complements_v4/pipeline_v4.py:78: UserWarning: Converting a tensor with requires_grad=True to a scalar may lead to unexpected behavior.
Consider using tensor.detach() first. (Triggered internally at /Users/runner/work/pytorch/pytorch/pytorch/torch/csrc/autograd/generated/python_variable_methods.cpp:837.)
  if parts: return float(ld), float(lr_), float(li)
i= 0 w_r=0.03 err%=[3.6, 9.3, 0.3, 21.1, 2.1] (45 s)
i= 0 w_r=1.00 err%=[1.7, 95.4, 0.9, 25.6, 1.6] (82 s)
i= 1 w_r=0.10 err%=[9.9, 5.8, 1.2, 10.9, 6.6] (118 s)
i= 1 w_r=3.00 err%=[7.9, 129.3, 7.0, 65.8, 5.5] (154 s)
i= 2 w_r=0.30 err%=[7.9, 57.1, 0.0, 18.1, 3.1] (190 s)
i= 3 w_r=0.03 err%=[4.1, 34.3, 0.3, 37.2, 1.7] (225 s)
i= 3 w_r=1.00 err%=[0.3, 0.7, 0.6, 58.0, 0.9] (260 s)
i= 4 w_r=0.10 err%=[2.5, 241.1, 0.9, 62.5, 2.6] (296 s)
i= 4 w_r=3.00 err%=[11.1, 471.8, 1.0, 67.4, 0.8] (332 s)
i= 5 w_r=0.30 err%=[7.1, 17.3, 0.1, 23.5, 3.3] (369 s)
i= 6 w_r=0.03 err%=[8.8, 64.4, 1.2, 42.8, 6.1] (411 s)
i= 6 w_r=1.00 err%=[9.9, 239.2, 1.0, 44.8, 0.9] (454 s)
i= 7 w_r=0.10 err%=[1.2, 13.8, 0.3, 27.4, 1.2] (494 s)
i= 7 w_r=3.00 err%=[8.6, 28.2, 1.1, 85.8, 2.6] (530 s)
i= 8 w_r=0.30 err%=[4.5, 14.3, 0.2, 71.7, 2.6] (566 s)
i= 9 w_r=0.03 err%=[0.7, 4.4, 0.1, 7.9, 0.5] (602 s)
i= 9 w_r=1.00 err%=[7.3, 100.7, 1.8, 17.0, 0.9] (640 s)
i=10 w_r=0.10 err%=[10.3, 32.3, 0.7, 24.0, 5.5] (678 s)
i=10 w_r=3.00 err%=[24.1, 61.3, 3.8, 27.9, 19.1] (712 s)
i=11 w_r=0.30 err%=[2.0, 12.6, 1.5, 70.5, 1.6] (748 s)
i=12 w_r=0.03 err%=[3.6, 37.4, 0.2, 37.5, 1.9] (871 s)
i=12 w_r=1.00 err%=[0.8, 174.5, 1.9, 38.9, 3.9] (906 s)
i=13 w_r=0.10 err%=[20.0, 35.5, 1.5, 28.3, 10.0] (942 s)
i=13 w_r=3.00 err%=[9.3, 34.8, 5.8, 85.9, 11.9] (981 s)
i=14 w_r=0.30 err%=[14.1, 14.2, 1.2, 40.9, 8.9] (1016 s)
TERMINE wr_sweep shard 0
