<repo>/campaign_v5/complements_v4/pipeline_v4.py:78: UserWarning: Converting a tensor with requires_grad=True to a scalar may lead to unexpected behavior.
Consider using tensor.detach() first. (Triggered internally at /Users/runner/work/pytorch/pytorch/pytorch/torch/csrc/autograd/generated/python_variable_methods.cpp:837.)
  if parts: return float(ld), float(lr_), float(li)
i= 0 w_r=0.30 err%=[2.6, 32.9, 0.6, 27.9, 2.4] (45 s)
i= 1 w_r=0.03 err%=[16.9, 10.0, 1.5, 0.9, 9.2] (81 s)
i= 1 w_r=1.00 err%=[3.9, 92.3, 5.1, 44.3, 6.7] (117 s)
i= 2 w_r=0.10 err%=[0.8, 24.5, 0.0, 22.2, 0.2] (152 s)
i= 2 w_r=3.00 err%=[8.0, 123.3, 2.6, 19.4, 1.2] (188 s)
i= 3 w_r=0.30 err%=[3.8, 13.7, 1.0, 61.9, 3.3] (225 s)
i= 4 w_r=0.03 err%=[1.8, 189.0, 1.0, 60.6, 4.3] (260 s)
i= 4 w_r=1.00 err%=[13.5, 519.2, 0.7, 62.1, 1.9] (296 s)
i= 5 w_r=0.10 err%=[3.7, 7.9, 0.4, 22.2, 2.5] (332 s)
i= 5 w_r=3.00 err%=[16.6, 56.4, 1.1, 39.6, 10.0] (369 s)
i= 6 w_r=0.30 err%=[3.5, 145.7, 2.3, 49.4, 6.5] (411 s)
i= 7 w_r=0.03 err%=[1.0, 14.2, 0.3, 24.8, 1.2] (453 s)
i= 7 w_r=1.00 err%=[7.2, 20.2, 0.8, 76.4, 2.0] (493 s)
i= 8 w_r=0.10 err%=[4.6, 34.6, 0.8, 89.5, 3.8] (528 s)
i= 8 w_r=3.00 err%=[7.9, 1.7, 0.5, 64.8, 4.9] (564 s)
i= 9 w_r=0.30 err%=[0.3, 24.0, 0.5, 20.6, 1.4] (600 s)
i=10 w_r=0.03 err%=[4.7, 23.2, 0.3, 5.9, 2.4] (639 s)
i=10 w_r=1.00 err%=[18.6, 64.0, 2.5, 28.2, 12.9] (677 s)
i=11 w_r=0.10 err%=[5.4, 30.4, 0.6, 58.6, 3.8] (711 s)
i=11 w_r=3.00 err%=[3.3, 4.9, 3.5, 78.5, 1.7] (747 s)
i=12 w_r=0.30 err%=[6.0, 93.9, 1.7, 43.7, 6.1] (870 s)
i=13 w_r=0.03 err%=[11.5, 42.1, 0.3, 42.1, 4.3] (906 s)
i=13 w_r=1.00 err%=[6.5, 21.2, 3.7, 66.0, 8.5] (942 s)
i=14 w_r=0.10 err%=[7.7, 5.5, 0.9, 30.1, 5.2] (981 s)
i=14 w_r=3.00 err%=[23.6, 53.4, 2.8, 41.6, 17.5] (1016 s)
TERMINE wr_sweep shard 2
