athlete  9  sigma= 5.0  | pop 21.2%  pop+APmax 21.2%  LM 0.0%  DE 8.3%  PINN 16.8%
athlete 10  sigma= 5.0  | pop 22.3%  pop+APmax 22.3%  LM 0.2%  DE 1.4%  PINN 17.3%
athlete 11  sigma= 5.0  | pop 6.6%  pop+APmax 6.6%  LM 0.3%  DE 1.4%  PINN 12.1%
athlete 12  sigma= 5.0  | pop 12.9%  pop+APmax 12.9%  LM 0.2%  DE 4.5%  PINN 16.2%
athlete 13  sigma= 5.0  | pop 8.0%  pop+APmax 8.0%  LM 0.1%  DE 2.9%  PINN 11.5%
athlete 14  sigma= 5.0  | pop 10.6%  pop+APmax 10.6%  LM 0.2%  DE 22.5%  PINN 14.4%
athlete 15  sigma= 5.0  | pop 11.6%  pop+APmax 11.6%  LM 0.1%  DE 1.3%  PINN 12.2%
athlete 16  sigma= 5.0  | pop 14.6%  pop+APmax 14.6%  LM 0.0%  DE 1.9%  PINN 13.2%
athlete 17  sigma= 5.0  | pop 3.7%  pop+APmax 3.7%  LM 0.1%  DE 11.7%  PINN 18.1%
athlete  9  sigma= 2.0  | pop 21.2%  pop+APmax 21.2%  LM 0.2%  DE 3.2%  PINN 17.6%
athlete 10  sigma= 2.0  | pop 22.3%  pop+APmax 22.3%  LM 0.1%  DE 4.1%  PINN 17.5%
athlete 11  sigma= 2.0  | pop 6.6%  pop+APmax 6.6%  LM 0.1%  DE 4.6%  PINN 12.6%
athlete 12  sigma= 2.0  | pop 12.9%  pop+APmax 12.9%  LM 0.3%  DE 5.7%  PINN 15.7%
athlete 13  sigma= 2.0  | pop 8.0%  pop+APmax 8.0%  LM 0.0%  DE 5.9%  PINN 10.1%
athlete 14  sigma= 2.0  | pop 10.6%  pop+APmax 10.6%  LM 0.0%  DE 0.5%  PINN 15.6%
athlete 15  sigma= 2.0  | pop 11.6%  pop+APmax 11.6%  LM 0.1%  DE 0.5%  PINN 12.2%
athlete 16  sigma= 2.0  | pop 14.6%  pop+APmax 14.6%  LM 0.0%  DE 2.3%  PINN 13.0%
athlete 17  sigma= 2.0  | pop 3.7%  pop+APmax 3.7%  LM 0.1%  DE 10.0%  PINN 18.5%
athlete  9  sigma=10.0  | pop 21.2%  pop+APmax 21.2%  LM 0.7%  DE 5.5%  PINN 17.9%
athlete 10  sigma=10.0  | pop 22.3%  pop+APmax 22.3%  LM 0.4%  DE 2.1%  PINN 16.1%
athlete 11  sigma=10.0  | pop 6.6%  pop+APmax 6.6%  LM 0.7%  DE 4.1%  PINN 9.8%
athlete 12  sigma=10.0  | pop 12.9%  pop+APmax 12.9%  LM 0.0%  DE 3.9%  PINN 15.9%
athlete 13  sigma=10.0  | pop 8.0%  pop+APmax 8.0%  LM 0.4%  DE 3.5%  PINN 11.5%
athlete 14  sigma=10.0  | pop 10.6%  pop+APmax 10.6%  LM 0.3%  DE 3.9%  PINN 14.9%
athlete 15  sigma=10.0  | pop 11.6%  pop+APmax 11.6%  LM 0.6%  DE 0.6%  PINN 12.1%
athlete 16  sigma=10.0  | pop 14.6%  pop+APmax 14.6%  LM 0.5%  DE 4.2%  PINN 13.8%
athlete 17  sigma=10.0  | pop 3.7%  pop+APmax 3.7%  LM 0.5%  DE 3.0%  PINN 19.7%
-> camp_v3_1.jsonl
