%% ---- tab:cp_wp
Population mean & 13.04 [13.02] & 13.04 [13.02] & 13.04 [13.02] & 12.45 [19.85] & 12.45 [19.85] & 12.45 [19.85] \\
Population mean $+\ A_{P,\max}$ & 13.04 [13.02] & 13.04 [13.02] & 13.04 [13.02] & 6.10 [6.89] & 5.94 [6.82] & 5.96 [6.98] \\
Levenberg--Marquardt & \textbf{0.02 [0.03]} & \textbf{0.07 [0.10]} & \textbf{0.09 [0.20]} & \textbf{0.05 [0.07]} & \textbf{0.11 [0.14]} & \textbf{0.28 [0.26]} \\
Differential Evolution & 0.68 [1.33] & 0.78 [0.94] & 1.24 [2.35] & 2.66 [3.32] & 4.04 [3.97] & 2.87 [2.69] \\
PINN, as submitted & 3.23 [3.01] & 3.11 [3.10] & 3.70 [3.61] & 53.74 [50.31] & 54.34 [60.64] & 51.20 [40.37] \\
PINN, corrected (Section~\ref{sec:pinn_v4}) & 1.23 [1.49] & 1.36 [1.73] & 1.47 [1.61] & 2.69 [4.25] & 2.75 [3.24] & 2.47 [3.75] \\

%% ---- tab:per_param
\multicolumn{6}{l}{\emph{Median relative error} (\%)} \\
Population mean & 13.53 & 25.13 & 12.90 & 47.94 & 5.19 \\
Population mean $+\ A_{P,\max}$ & 13.53 & 25.13 & 5.17 & 47.94 & 5.19 \\
Levenberg--Marquardt & \textbf{0.31} & \textbf{2.97} & \textbf{0.03} & \textbf{2.88} & \textbf{0.14} \\
Differential Evolution & 9.49 & 79.91 & 0.89 & 41.29 & 5.16 \\
PINN, as submitted & 38.22 & 169.95 & 8.66 & 160.25 & 39.70 \\
PINN, corrected (Section~\ref{sec:pinn_v4}) & 6.10 & 34.86 & 0.70 & 28.20 & 3.01 \\
Cram\'er--Rao bound (\%) & 0.47 & 4.27 & 0.05 & 3.61 & 0.21 \\[2pt]
\multicolumn{6}{l}{\emph{Athlete-level efficiency, 50 athletes, one realization each}} \\
Levenberg--Marquardt, median $|$error$|$ / $(0.674\,\sigma_{\mathrm{CR}})$ & 1.01 & 0.99 & 0.86 & 1.11 & 1.12 \\
Levenberg--Marquardt, coverage of $\pm 1.96\,\sigma_{\mathrm{CR}}$ (\%) & 94 & 94 & 96 & 96 & 98 \\
PINN, corrected, median $|$error$|$ / $(0.674\,\sigma_{\mathrm{CR}})$ & 21.96 & 13.60 & 20.82 & 12.01 & 21.34 \\
PINN, corrected, coverage of $\pm 1.96\,\sigma_{\mathrm{CR}}$ (\%) & 2 & 14 & 8 & 10 & 2 \\
\multicolumn{6}{l}{\emph{Levenberg--Marquardt, 20 noise realizations $\times$ 8 athletes}} \\
Sampling standard deviation (\%) & 0.53 & 4.40 & 0.06 & 3.45 & 0.25 \\
Ratio to Cram\'er--Rao bound & 1.01 & 1.00 & 1.09 & 1.01 & 1.06 \\
$|$bias$|$ / sampling s.d. & 0.21 & 0.13 & 0.24 & 0.08 & 0.20 \\

%% ---- tab:vs_baseline
Levenberg--Marquardt & 49/50 ($p = 1.8\times10^{-15}$) & 49/50 ($p = 1.8\times10^{-15}$) & 49/50 ($p = 1.8\times10^{-15}$) \\
Differential Evolution & 48/50 ($p = 6.2\times10^{-15}$) & 47/50 ($p = 4.8\times10^{-13}$) & 48/50 ($p = 6.8\times10^{-13}$) \\
PINN, as submitted & 42/50 ($p = 4.9\times10^{-10}$) & 43/50 ($p = 4.9\times10^{-10}$) & 42/50 ($p = 5.8\times10^{-9}$) \\
PINN, corrected (Section~\ref{sec:pinn_v4}) & 48/50 ($p = 3.8\times10^{-14}$) & 48/50 ($p = 1.2\times10^{-14}$) & 48/50 ($p = 9.8\times10^{-14}$) \\

%% ---- tab:protocols
Protocols A and B (as above) & $2.10 \times 10^{5}$ & 0.41 & 3.44 & 0.05 & 3.13 & 0.20 \\
Protocol A alone & $2.53 \times 10^{6}$ & 1.12 & 10.79 & 0.07 & 12.86 & 0.44 \\
Constant, 105\% CP & $1.20 \times 10^{6}$ & 1.04 & 7.83 & 0.08 & 6.55 & 0.46 \\
Constant, 140\% CP & $5.07 \times 10^{7}$ & 1.62 & 38.06 & 0.05 & 62.66 & 0.40 \\
Intermittent 120/60\%, 30~s blocks & $6.54 \times 10^{5}$ & 0.84 & 7.18 & 0.11 & 4.36 & 0.35 \\
Intermittent 120/60\%, 120~s blocks & $1.02 \times 10^{6}$ & 0.83 & 9.49 & 0.05 & 6.30 & 0.28 \\
Intermittent 120/60\%, 60~s blocks & $3.48 \times 10^{5}$ & 0.55 & 5.25 & 0.06 & 3.81 & 0.21 \\
Constant 105\% + constant 140\% & $5.48 \times 10^{5}$ & 0.59 & 5.98 & 0.04 & 5.59 & 0.20 \\
Constant 110\% + constant 140\% & $8.64 \times 10^{5}$ & 0.62 & 7.18 & 0.04 & 7.66 & 0.21 \\
Constant 105\% + intermittent 120/60\%, 60~s & $1.17 \times 10^{5}$ & 0.38 & 2.78 & 0.05 & 2.13 & 0.19 \\
Constant 140\% + intermittent 120/60\%, 60~s & $3.73 \times 10^{5}$ & 0.54 & 5.25 & 0.04 & 3.87 & 0.17 \\
105\% + 140\% + intermittent 120/60\%, 60~s & $1.50 \times 10^{5}$ & 0.36 & 3.00 & 0.04 & 2.46 & 0.14 \\

{
 "ode": {
  "LM": [
   4241.0,
   5150
  ],
  "DE": [
   3528.0,
   4596
  ]
 },
 "wall": {
  "LM": 58.8,
  "DE": 40.6,
  "PINN": 14.75,
  "PINN_v4": 50.0
 },
 "sigma_AP_5W": [
  102.06906734551568,
  105.35419145149241
 ],
 "pop": {
  "M_O": [
   1453.994654027181,
   234.4947460607658,
   1048.0095444286253,
   2054.7752358610733
  ],
  "A_Omax_kJ": [
   398.2276756790809,
   183.2263715078574,
   100.48589261151346,
   757.8207144847845
  ],
  "A_Pmax_kJ": [
   77.54116600967022,
   15.275599146019223
  ],
  "M_R": [
   0.023232516746703305,
   0.012364745708322552,
   0.011179605378003393,
   0.054412715602697025
  ],
  "invMR": [
   51.24844644444766,
   18.378057204526545,
   89.44859556201918
  ],
  "eta": [
   0.24802234267256612,
   0.016484325485066564
  ],
  "CP": [
   298.9144630523371,
   44.25699392984926,
   217.121923299372,
   391.1322444096046
  ],
  "Wp_kJ": [
   19.205084163196254,
   3.870859958146881
  ],
  "xss": [
   0.8328151564939388,
   0.02832370202897982,
   0.7805265304565576,
   0.8795500283434393
  ],
  "VO2max": [
   4.1741473321354485,
   0.6731906585476531,
   3.0086398404649533,
   5.898876275199253
  ],
  "MOeta": [
   359.1008270894475,
   53.14746460102372
  ]
 },
 "se_ratio_LM": [
  1.0120244434228411,
  1.0101884781598307,
  1.0125064288864878,
  1.0116936372774323,
  1.015429845400083
 ],
 "eff_LM": [
  1.005675280445977,
  0.9877915028753703,
  0.8600090108295501,
  1.114305040706205,
  1.123442329103044
 ],
 "cov_LM": [
  94.0,
  94.0,
  96.0,
  96.0,
  98.0
 ],
 "eff_PINN_v4": [
  21.96270522356932,
  13.601023278735012,
  20.818229145742936,
  12.01365820169727,
  21.337360585945248
 ],
 "cov_PINN_v4": [
  2.0,
  14.000000000000002,
  8.0,
  10.0,
  2.0
 ],
 "bounds_PINN": [
  0.0,
  0.0,
  8.666666666666668,
  0.0,
  74.66666666666667
 ],
 "bounds_PINN_v4": [
  0.0,
  0.0,
  0.0,
  0.0,
  0.0
 ]
}
pinn_v4: {"signed_med": [-3.0617256565368884, 33.55633619997843, 0.5075717618023938, -4.737419349904434, -0.586793097812913], "frac_pos": [0.35333333333333333, 0.76, 0.74, 0.4666666666666667, 0.46], "corr_AOm": -0.7977013119219322, "corr_MR": -0.7841170099848328, "corr_flat": -0.8528043133983401, "excess_J": {"2.0": 318.356924876623, "5.0": 256.5026633417592, "10.0": 209.306622135912}, "ratio": {"2.0": 9.039682481482238, "5.0": 3.3652530571637977, "10.0": 1.9385362626401341}, "AOm_est_med": 530094.4375, "AOm_true_med": 389348.5183699995, "range_sigma": {"LM": [0.8854046116945367, 8.653786160948943, 0.09969223984755071, 6.444682655017232, 0.3607586209256852], "PINN_v4": [2.7996560696488517, 11.105013777766203, 0.5433687063623986, 7.19951212481398, 1.7502810956209622]}, "crlb10": [0.9242704913156851, 8.485143410184293, 0.1036851744936717, 7.203393721176142, 0.4237705139105584]}
fim: {"spec": [1.0, 0.15495837151034464, 0.0026645365304246715, 0.0001537085727211115, 4.210218202411025e-06], "cond": [237572.37149265688, 144367.41636793833, 400514.51473844924], "vmin": [0.06087686118144638, -1.0, -0.002726215523978572, 0.8226781460581719, -0.008619763720636539], "expo": [-0.8226781460581719, -0.9303140028207342, -0.7423118162037773], "crlb": [0.47159741725802545, 4.271837223135625, 0.051370598165426745, 3.612075186557155, 0.21070875561066715], "disp": {"sym": 0.3263950404124373, "prod": 0.026673274519882675, "fitx": 0.00427669785295003}}
